
c:/Users/gahym/EE1301/IOT_Labs/Lan3_Internet_Connectivity/exercise1part2/target/2.3.0/photon/exercise1part2.elf:     file format elf32-littlearm

Sections:
Idx Name          Size      VMA       LMA       File off  Algn
  0 .module_info  00000018  080a0000  080a0000  00010000  2**0
                  CONTENTS, ALLOC, LOAD, READONLY, DATA
  1 .dynalib      00000004  080a0018  080a0018  00010018  2**2
                  CONTENTS, ALLOC, LOAD, READONLY, DATA
  2 .text         00000f44  080a001c  080a001c  0001001c  2**2
                  CONTENTS, ALLOC, LOAD, READONLY, CODE
  3 .backup       00000004  40024000  080a0f60  00014000  2**2
                  CONTENTS, ALLOC, LOAD, DATA
  4 .data         00000070  20000000  080a0f64  00020000  2**2
                  CONTENTS, ALLOC, LOAD, DATA
  5 .bss          0000054c  20000070  20000070  00030070  2**2
                  ALLOC
  6 .module_info_suffix 00000028  080a0fd4  080a0fd4  00020fd4  2**0
                  CONTENTS, ALLOC, LOAD, READONLY, DATA
  7 .module_info_crc 00000004  080a0ffc  080a0ffc  00020ffc  2**0
                  CONTENTS, ALLOC, LOAD, READONLY, DATA
  8 .debug_info   000c5ec2  00000000  00000000  00021000  2**0
                  CONTENTS, READONLY, DEBUGGING
  9 .debug_abbrev 0000edbd  00000000  00000000  000e6ec2  2**0
                  CONTENTS, READONLY, DEBUGGING
 10 .debug_loc    000173cb  00000000  00000000  000f5c7f  2**0
                  CONTENTS, READONLY, DEBUGGING
 11 .debug_aranges 00001830  00000000  00000000  0010d04a  2**0
                  CONTENTS, READONLY, DEBUGGING
 12 .debug_ranges 000044f0  00000000  00000000  0010e87a  2**0
                  CONTENTS, READONLY, DEBUGGING
 13 .debug_macro  00021250  00000000  00000000  00112d6a  2**0
                  CONTENTS, READONLY, DEBUGGING
 14 .debug_line   00021acd  00000000  00000000  00133fba  2**0
                  CONTENTS, READONLY, DEBUGGING
 15 .debug_str    000aee1b  00000000  00000000  00155a87  2**0
                  CONTENTS, READONLY, DEBUGGING
 16 .debug_frame  00003fc4  00000000  00000000  002048a4  2**2
                  CONTENTS, READONLY, DEBUGGING

Disassembly of section .text:

080a001c <module_user_pre_init>:
/**
 * Initializes this user module. Returns the start of the heap.
 */
void* module_user_pre_init() {

    if ( (&link_global_data_start!=&link_global_data_initial_values) && (link_global_data_size != 0))
 80a001c:	4809      	ldr	r0, [pc, #36]	; (80a0044 <link_dynalib_end+0x28>)
 80a001e:	490a      	ldr	r1, [pc, #40]	; (80a0048 <link_dynalib_end+0x2c>)
void* module_user_pre_init() {
 80a0020:	b508      	push	{r3, lr}
    if ( (&link_global_data_start!=&link_global_data_initial_values) && (link_global_data_size != 0))
 80a0022:	4288      	cmp	r0, r1
 80a0024:	d005      	beq.n	80a0032 <module_user_pre_init+0x16>
 80a0026:	4a09      	ldr	r2, [pc, #36]	; (80a004c <link_dynalib_end+0x30>)
 80a0028:	4282      	cmp	r2, r0
 80a002a:	d002      	beq.n	80a0032 <module_user_pre_init+0x16>
    {
        memcpy(&link_global_data_start, &link_global_data_initial_values, link_global_data_size);
 80a002c:	1a12      	subs	r2, r2, r0
 80a002e:	f000 fe2d 	bl	80a0c8c <memcpy>
    }

    memset(&link_bss_location, 0, link_bss_size );
 80a0032:	4807      	ldr	r0, [pc, #28]	; (80a0050 <link_dynalib_end+0x34>)
 80a0034:	4a07      	ldr	r2, [pc, #28]	; (80a0054 <link_dynalib_end+0x38>)
 80a0036:	2100      	movs	r1, #0
 80a0038:	1a12      	subs	r2, r2, r0
 80a003a:	f000 fe35 	bl	80a0ca8 <memset>
    return &link_heap_start;
}
 80a003e:	4806      	ldr	r0, [pc, #24]	; (80a0058 <link_dynalib_end+0x3c>)
 80a0040:	bd08      	pop	{r3, pc}
 80a0042:	bf00      	nop
 80a0044:	20000000 	.word	0x20000000
 80a0048:	080a0f64 	.word	0x080a0f64
 80a004c:	20000070 	.word	0x20000070
 80a0050:	20000070 	.word	0x20000070
 80a0054:	200005b9 	.word	0x200005b9
 80a0058:	200005b9 	.word	0x200005b9

080a005c <module_user_init>:
extern constructor_ptr_t link_constructors_location[];
extern constructor_ptr_t link_constructors_end;
#define link_constructors_size   ((unsigned long)&link_constructors_end  -  (unsigned long)&link_constructors_location )

void module_user_init()
{
 80a005c:	b570      	push	{r4, r5, r6, lr}
    module_user_init_hook();
 80a005e:	f000 fb3b 	bl	80a06d8 <module_user_init_hook>

    // invoke constructors
    int ctor_num;
    for (ctor_num=0; ctor_num < link_constructors_size/sizeof(constructor_ptr_t); ctor_num++ )
 80a0062:	2500      	movs	r5, #0
 80a0064:	4e05      	ldr	r6, [pc, #20]	; (80a007c <module_user_init+0x20>)
 80a0066:	4c06      	ldr	r4, [pc, #24]	; (80a0080 <module_user_init+0x24>)
 80a0068:	1ba4      	subs	r4, r4, r6
 80a006a:	08a4      	lsrs	r4, r4, #2
 80a006c:	42a5      	cmp	r5, r4
 80a006e:	d100      	bne.n	80a0072 <module_user_init+0x16>
    {
        link_constructors_location[ctor_num]();
    }
}
 80a0070:	bd70      	pop	{r4, r5, r6, pc}
        link_constructors_location[ctor_num]();
 80a0072:	f856 3b04 	ldr.w	r3, [r6], #4
 80a0076:	4798      	blx	r3
    for (ctor_num=0; ctor_num < link_constructors_size/sizeof(constructor_ptr_t); ctor_num++ )
 80a0078:	3501      	adds	r5, #1
 80a007a:	e7f7      	b.n	80a006c <module_user_init+0x10>
 80a007c:	080a0f3c 	.word	0x080a0f3c
 80a0080:	080a0f58 	.word	0x080a0f58

080a0084 <module_user_setup>:

/**
 * Export these functions with a fuller name so they don't clash with the setup/loop wrappers in the system module.
 */
void module_user_setup() {
    setup();
 80a0084:	f000 b846 	b.w	80a0114 <setup>

080a0088 <module_user_loop>:
}

void module_user_loop() {
 80a0088:	b508      	push	{r3, lr}
    loop();
 80a008a:	f000 f857 	bl	80a013c <loop>
    _post_loop();
}
 80a008e:	e8bd 4008 	ldmia.w	sp!, {r3, lr}
    _post_loop();
 80a0092:	f000 bad9 	b.w	80a0648 <_post_loop>

080a0096 <_ZdlPv>:
	return malloc(size);
}

void operator delete(void *p)
{
	free(p);
 80a0096:	f000 b96f 	b.w	80a0378 <free>

080a009a <__cxa_guard_acquire>:

/* Provide default implemenation for __cxa_guard_acquire() and
 * __cxa_guard_release(). Note: these must be revisited if a multitasking
 * OS is ported to this platform. */
__extension__ typedef int __guard __attribute__((mode (__DI__)));
int __cxa_guard_acquire(__guard *g) {return !*(char *)(g);};
 80a009a:	7800      	ldrb	r0, [r0, #0]
 80a009c:	fab0 f080 	clz	r0, r0
 80a00a0:	0940      	lsrs	r0, r0, #5
 80a00a2:	4770      	bx	lr

080a00a4 <__cxa_guard_release>:
void __cxa_guard_release (__guard *g) {*(char *)g = 1;};
 80a00a4:	2301      	movs	r3, #1
 80a00a6:	7003      	strb	r3, [r0, #0]
 80a00a8:	4770      	bx	lr
	...

080a00ac <_Z17setModeFromString6String>:
}

// this function automagically gets called upon a matching POST request
// Note that the return type must be int and the argument must be a string
int setModeFromString(String inputString)
{
 80a00ac:	b510      	push	{r4, lr}
	operator StringIfHelperType() const { return buffer ? &String::StringIfHelper : 0; }
	int compareTo(const String &s) const;
	unsigned char equals(const String &s) const;
	unsigned char equals(const char *cstr) const;
	unsigned char operator == (const String &rhs) const {return equals(rhs);}
	unsigned char operator == (const char *cstr) const {return equals(cstr);}
 80a00ae:	4914      	ldr	r1, [pc, #80]	; (80a0100 <_Z17setModeFromString6String+0x54>)
 80a00b0:	4604      	mov	r4, r0
 80a00b2:	f000 fa02 	bl	80a04ba <_ZNK6String6equalsEPKc>
    if (inputString == "Cool") {
 80a00b6:	b120      	cbz	r0, 80a00c2 <_Z17setModeFromString6String+0x16>
        mode = COOL;
 80a00b8:	2200      	movs	r2, #0
 80a00ba:	4b12      	ldr	r3, [pc, #72]	; (80a0104 <_Z17setModeFromString6String+0x58>)
    } else if (inputString == "Off" ) {
        mode = OFF;
        return 1;
    } else if (inputString == "Heat") {
        mode = HEAT;
        return 1;
 80a00bc:	2001      	movs	r0, #1
        mode = HEAT;
 80a00be:	701a      	strb	r2, [r3, #0]
        return 1;
 80a00c0:	e007      	b.n	80a00d2 <_Z17setModeFromString6String+0x26>
 80a00c2:	4620      	mov	r0, r4
 80a00c4:	4910      	ldr	r1, [pc, #64]	; (80a0108 <_Z17setModeFromString6String+0x5c>)
 80a00c6:	f000 f9f8 	bl	80a04ba <_ZNK6String6equalsEPKc>
    } else if (inputString == "Off" ) {
 80a00ca:	b118      	cbz	r0, 80a00d4 <_Z17setModeFromString6String+0x28>
        mode = OFF;
 80a00cc:	2001      	movs	r0, #1
 80a00ce:	4b0d      	ldr	r3, [pc, #52]	; (80a0104 <_Z17setModeFromString6String+0x58>)
 80a00d0:	7018      	strb	r0, [r3, #0]
    } else {
        Serial.print("Invalid Mode: ");
        Serial.println(inputString);
        return -1;
    }
}
 80a00d2:	bd10      	pop	{r4, pc}
 80a00d4:	4620      	mov	r0, r4
 80a00d6:	490d      	ldr	r1, [pc, #52]	; (80a010c <_Z17setModeFromString6String+0x60>)
 80a00d8:	f000 f9ef 	bl	80a04ba <_ZNK6String6equalsEPKc>
    } else if (inputString == "Heat") {
 80a00dc:	b110      	cbz	r0, 80a00e4 <_Z17setModeFromString6String+0x38>
        mode = HEAT;
 80a00de:	2202      	movs	r2, #2
 80a00e0:	4b08      	ldr	r3, [pc, #32]	; (80a0104 <_Z17setModeFromString6String+0x58>)
 80a00e2:	e7eb      	b.n	80a00bc <_Z17setModeFromString6String+0x10>
        Serial.print("Invalid Mode: ");
 80a00e4:	f000 fc20 	bl	80a0928 <_Z16_fetch_usbserialv>
 80a00e8:	4909      	ldr	r1, [pc, #36]	; (80a0110 <_Z17setModeFromString6String+0x64>)
 80a00ea:	f000 fa1e 	bl	80a052a <_ZN5Print5printEPKc>
        Serial.println(inputString);
 80a00ee:	f000 fc1b 	bl	80a0928 <_Z16_fetch_usbserialv>
 80a00f2:	6821      	ldr	r1, [r4, #0]
 80a00f4:	f000 fa2c 	bl	80a0550 <_ZN5Print7printlnEPKc>
 80a00f8:	f04f 30ff 	mov.w	r0, #4294967295
 80a00fc:	e7e9      	b.n	80a00d2 <_Z17setModeFromString6String+0x26>
 80a00fe:	bf00      	nop
 80a0100:	080a0e08 	.word	0x080a0e08
 80a0104:	20000000 	.word	0x20000000
 80a0108:	080a0e0d 	.word	0x080a0e0d
 80a010c:	080a0e11 	.word	0x080a0e11
 80a0110:	080a0e16 	.word	0x080a0e16

080a0114 <setup>:
{
 80a0114:	b508      	push	{r3, lr}
        return _function(name, args...);
    }

    static bool _function(const char *funcKey, user_function_int_str_t* func)
    {
        return register_function(call_raw_user_function, (void*)func, funcKey);
 80a0116:	4906      	ldr	r1, [pc, #24]	; (80a0130 <setup+0x1c>)
 80a0118:	4a06      	ldr	r2, [pc, #24]	; (80a0134 <setup+0x20>)
 80a011a:	4807      	ldr	r0, [pc, #28]	; (80a0138 <setup+0x24>)
 80a011c:	f000 fb24 	bl	80a0768 <_ZN10CloudClass17register_functionEPFiPvPKcS0_ES0_S2_>
  Serial.begin(9600);
 80a0120:	f000 fc02 	bl	80a0928 <_Z16_fetch_usbserialv>
}
 80a0124:	e8bd 4008 	ldmia.w	sp!, {r3, lr}
  Serial.begin(9600);
 80a0128:	f44f 5116 	mov.w	r1, #9600	; 0x2580
 80a012c:	f000 bbe2 	b.w	80a08f4 <_ZN9USBSerial5beginEl>
 80a0130:	080a00ad 	.word	0x080a00ad
 80a0134:	080a0e25 	.word	0x080a0e25
 80a0138:	080a073d 	.word	0x080a073d

080a013c <loop>:
}
 80a013c:	4770      	bx	lr
	...

080a0140 <HAL_RNG_GetRandomNumber>:

DYNALIB_BEGIN(hal)

#if PLATFORM_ID > 3
DYNALIB_FN(0, hal, HAL_RNG_Configuration, void(void))
DYNALIB_FN(1, hal, HAL_RNG_GetRandomNumber, uint32_t(void))
 80a0140:	b508      	push	{r3, lr}
 80a0142:	4b02      	ldr	r3, [pc, #8]	; (80a014c <HAL_RNG_GetRandomNumber+0xc>)
 80a0144:	681b      	ldr	r3, [r3, #0]
 80a0146:	685b      	ldr	r3, [r3, #4]
 80a0148:	9301      	str	r3, [sp, #4]
 80a014a:	bd08      	pop	{r3, pc}
 80a014c:	0806019c 	.word	0x0806019c

080a0150 <HAL_Timer_Get_Milli_Seconds>:
#endif

DYNALIB_FN(BASE_IDX + 0, hal, HAL_Delay_Milliseconds, void(uint32_t))
DYNALIB_FN(BASE_IDX + 1, hal, HAL_Delay_Microseconds, void(uint32_t))
DYNALIB_FN(BASE_IDX + 2, hal, HAL_Timer_Get_Micro_Seconds, system_tick_t(void))
DYNALIB_FN(BASE_IDX + 3, hal, HAL_Timer_Get_Milli_Seconds, system_tick_t(void))
 80a0150:	b508      	push	{r3, lr}
 80a0152:	4b02      	ldr	r3, [pc, #8]	; (80a015c <HAL_Timer_Get_Milli_Seconds+0xc>)
 80a0154:	681b      	ldr	r3, [r3, #0]
 80a0156:	695b      	ldr	r3, [r3, #20]
 80a0158:	9301      	str	r3, [sp, #4]
 80a015a:	bd08      	pop	{r3, pc}
 80a015c:	0806019c 	.word	0x0806019c

080a0160 <hal_usart_init>:
#define BASE_IDX 6 // Base index for all subsequent functions
#else
#define BASE_IDX 0
#endif

DYNALIB_FN(BASE_IDX + 0, hal_usart, hal_usart_init, void(hal_usart_interface_t, hal_usart_ring_buffer_t*, hal_usart_ring_buffer_t*))
 80a0160:	b508      	push	{r3, lr}
 80a0162:	4b02      	ldr	r3, [pc, #8]	; (80a016c <hal_usart_init+0xc>)
 80a0164:	681b      	ldr	r3, [r3, #0]
 80a0166:	699b      	ldr	r3, [r3, #24]
 80a0168:	9301      	str	r3, [sp, #4]
 80a016a:	bd08      	pop	{r3, pc}
 80a016c:	080601c4 	.word	0x080601c4

080a0170 <hal_usart_write>:
DYNALIB_FN(BASE_IDX + 1, hal_usart, hal_usart_begin, void(hal_usart_interface_t, uint32_t))
DYNALIB_FN(BASE_IDX + 2, hal_usart, hal_usart_end, void(hal_usart_interface_t))
DYNALIB_FN(BASE_IDX + 3, hal_usart, hal_usart_write, uint32_t(hal_usart_interface_t, uint8_t))
 80a0170:	b508      	push	{r3, lr}
 80a0172:	4b02      	ldr	r3, [pc, #8]	; (80a017c <hal_usart_write+0xc>)
 80a0174:	681b      	ldr	r3, [r3, #0]
 80a0176:	6a5b      	ldr	r3, [r3, #36]	; 0x24
 80a0178:	9301      	str	r3, [sp, #4]
 80a017a:	bd08      	pop	{r3, pc}
 80a017c:	080601c4 	.word	0x080601c4

080a0180 <hal_usart_available>:
DYNALIB_FN(BASE_IDX + 4, hal_usart, hal_usart_available, int32_t(hal_usart_interface_t))
 80a0180:	b508      	push	{r3, lr}
 80a0182:	4b02      	ldr	r3, [pc, #8]	; (80a018c <hal_usart_available+0xc>)
 80a0184:	681b      	ldr	r3, [r3, #0]
 80a0186:	6a9b      	ldr	r3, [r3, #40]	; 0x28
 80a0188:	9301      	str	r3, [sp, #4]
 80a018a:	bd08      	pop	{r3, pc}
 80a018c:	080601c4 	.word	0x080601c4

080a0190 <hal_usart_read>:
DYNALIB_FN(BASE_IDX + 5, hal_usart, hal_usart_read, int32_t(hal_usart_interface_t))
 80a0190:	b508      	push	{r3, lr}
 80a0192:	4b02      	ldr	r3, [pc, #8]	; (80a019c <hal_usart_read+0xc>)
 80a0194:	681b      	ldr	r3, [r3, #0]
 80a0196:	6adb      	ldr	r3, [r3, #44]	; 0x2c
 80a0198:	9301      	str	r3, [sp, #4]
 80a019a:	bd08      	pop	{r3, pc}
 80a019c:	080601c4 	.word	0x080601c4

080a01a0 <hal_usart_peek>:
DYNALIB_FN(BASE_IDX + 6, hal_usart, hal_usart_peek, int32_t(hal_usart_interface_t))
 80a01a0:	b508      	push	{r3, lr}
 80a01a2:	4b02      	ldr	r3, [pc, #8]	; (80a01ac <hal_usart_peek+0xc>)
 80a01a4:	681b      	ldr	r3, [r3, #0]
 80a01a6:	6b1b      	ldr	r3, [r3, #48]	; 0x30
 80a01a8:	9301      	str	r3, [sp, #4]
 80a01aa:	bd08      	pop	{r3, pc}
 80a01ac:	080601c4 	.word	0x080601c4

080a01b0 <hal_usart_flush>:
DYNALIB_FN(BASE_IDX + 7, hal_usart, hal_usart_flush, void(hal_usart_interface_t))
 80a01b0:	b508      	push	{r3, lr}
 80a01b2:	4b02      	ldr	r3, [pc, #8]	; (80a01bc <hal_usart_flush+0xc>)
 80a01b4:	681b      	ldr	r3, [r3, #0]
 80a01b6:	6b5b      	ldr	r3, [r3, #52]	; 0x34
 80a01b8:	9301      	str	r3, [sp, #4]
 80a01ba:	bd08      	pop	{r3, pc}
 80a01bc:	080601c4 	.word	0x080601c4

080a01c0 <hal_usart_available_data_for_write>:
DYNALIB_FN(BASE_IDX + 8, hal_usart, hal_usart_is_enabled, bool(hal_usart_interface_t))
DYNALIB_FN(BASE_IDX + 9, hal_usart, hal_usart_half_duplex, void(hal_usart_interface_t, bool))
DYNALIB_FN(BASE_IDX + 10, hal_usart, hal_usart_available_data_for_write, int32_t(hal_usart_interface_t))
 80a01c0:	b508      	push	{r3, lr}
 80a01c2:	4b02      	ldr	r3, [pc, #8]	; (80a01cc <hal_usart_available_data_for_write+0xc>)
 80a01c4:	681b      	ldr	r3, [r3, #0]
 80a01c6:	6c1b      	ldr	r3, [r3, #64]	; 0x40
 80a01c8:	9301      	str	r3, [sp, #4]
 80a01ca:	bd08      	pop	{r3, pc}
 80a01cc:	080601c4 	.word	0x080601c4

080a01d0 <HAL_USB_USART_Init>:
#endif

DYNALIB_BEGIN(hal_usb)

#ifdef USB_CDC_ENABLE
DYNALIB_FN(0, hal_usb, HAL_USB_USART_Init, void(HAL_USB_USART_Serial, const HAL_USB_USART_Config*))
 80a01d0:	b508      	push	{r3, lr}
 80a01d2:	4b02      	ldr	r3, [pc, #8]	; (80a01dc <HAL_USB_USART_Init+0xc>)
 80a01d4:	681b      	ldr	r3, [r3, #0]
 80a01d6:	681b      	ldr	r3, [r3, #0]
 80a01d8:	9301      	str	r3, [sp, #4]
 80a01da:	bd08      	pop	{r3, pc}
 80a01dc:	080601d8 	.word	0x080601d8

080a01e0 <HAL_USB_USART_Begin>:
DYNALIB_FN(1, hal_usb, HAL_USB_USART_Begin, void(HAL_USB_USART_Serial, uint32_t, void *))
 80a01e0:	b508      	push	{r3, lr}
 80a01e2:	4b02      	ldr	r3, [pc, #8]	; (80a01ec <HAL_USB_USART_Begin+0xc>)
 80a01e4:	681b      	ldr	r3, [r3, #0]
 80a01e6:	685b      	ldr	r3, [r3, #4]
 80a01e8:	9301      	str	r3, [sp, #4]
 80a01ea:	bd08      	pop	{r3, pc}
 80a01ec:	080601d8 	.word	0x080601d8

080a01f0 <HAL_USB_USART_Available_Data>:
DYNALIB_FN(2, hal_usb, HAL_USB_USART_End, void(HAL_USB_USART_Serial))
DYNALIB_FN(3, hal_usb, HAL_USB_USART_Baud_Rate, unsigned int(HAL_USB_USART_Serial))
DYNALIB_FN(4, hal_usb, HAL_USB_USART_Available_Data, int32_t(HAL_USB_USART_Serial))
 80a01f0:	b508      	push	{r3, lr}
 80a01f2:	4b02      	ldr	r3, [pc, #8]	; (80a01fc <HAL_USB_USART_Available_Data+0xc>)
 80a01f4:	681b      	ldr	r3, [r3, #0]
 80a01f6:	691b      	ldr	r3, [r3, #16]
 80a01f8:	9301      	str	r3, [sp, #4]
 80a01fa:	bd08      	pop	{r3, pc}
 80a01fc:	080601d8 	.word	0x080601d8

080a0200 <HAL_USB_USART_Available_Data_For_Write>:
DYNALIB_FN(5, hal_usb, HAL_USB_USART_Available_Data_For_Write, int32_t(HAL_USB_USART_Serial))
 80a0200:	b508      	push	{r3, lr}
 80a0202:	4b02      	ldr	r3, [pc, #8]	; (80a020c <HAL_USB_USART_Available_Data_For_Write+0xc>)
 80a0204:	681b      	ldr	r3, [r3, #0]
 80a0206:	695b      	ldr	r3, [r3, #20]
 80a0208:	9301      	str	r3, [sp, #4]
 80a020a:	bd08      	pop	{r3, pc}
 80a020c:	080601d8 	.word	0x080601d8

080a0210 <HAL_USB_USART_Receive_Data>:
DYNALIB_FN(6, hal_usb, HAL_USB_USART_Receive_Data, int32_t(HAL_USB_USART_Serial, uint8_t))
 80a0210:	b508      	push	{r3, lr}
 80a0212:	4b02      	ldr	r3, [pc, #8]	; (80a021c <HAL_USB_USART_Receive_Data+0xc>)
 80a0214:	681b      	ldr	r3, [r3, #0]
 80a0216:	699b      	ldr	r3, [r3, #24]
 80a0218:	9301      	str	r3, [sp, #4]
 80a021a:	bd08      	pop	{r3, pc}
 80a021c:	080601d8 	.word	0x080601d8

080a0220 <HAL_USB_USART_Send_Data>:
DYNALIB_FN(7, hal_usb, HAL_USB_USART_Send_Data, int32_t(HAL_USB_USART_Serial, uint8_t))
 80a0220:	b508      	push	{r3, lr}
 80a0222:	4b02      	ldr	r3, [pc, #8]	; (80a022c <HAL_USB_USART_Send_Data+0xc>)
 80a0224:	681b      	ldr	r3, [r3, #0]
 80a0226:	69db      	ldr	r3, [r3, #28]
 80a0228:	9301      	str	r3, [sp, #4]
 80a022a:	bd08      	pop	{r3, pc}
 80a022c:	080601d8 	.word	0x080601d8

080a0230 <HAL_USB_USART_Flush_Data>:
DYNALIB_FN(8, hal_usb, HAL_USB_USART_Flush_Data, void(HAL_USB_USART_Serial))
 80a0230:	b508      	push	{r3, lr}
 80a0232:	4b02      	ldr	r3, [pc, #8]	; (80a023c <HAL_USB_USART_Flush_Data+0xc>)
 80a0234:	681b      	ldr	r3, [r3, #0]
 80a0236:	6a1b      	ldr	r3, [r3, #32]
 80a0238:	9301      	str	r3, [sp, #4]
 80a023a:	bd08      	pop	{r3, pc}
 80a023c:	080601d8 	.word	0x080601d8

080a0240 <inet_gethostbyname>:
DYNALIB_FN(14, hal_wlan, wlan_set_error_count, void(uint32_t))
DYNALIB_FN(15, hal_wlan, wlan_fetch_ipconfig, int(WLanConfig*))
DYNALIB_FN(16, hal_wlan, wlan_setup, void(void))

DYNALIB_FN(17, hal_wlan, HAL_NET_SetNetWatchDog, uint32_t(uint32_t))
DYNALIB_FN(18, hal_wlan, inet_gethostbyname, int(const char*, uint16_t, HAL_IPAddress*, network_interface_t, void*))
 80a0240:	b508      	push	{r3, lr}
 80a0242:	4b02      	ldr	r3, [pc, #8]	; (80a024c <inet_gethostbyname+0xc>)
 80a0244:	681b      	ldr	r3, [r3, #0]
 80a0246:	6c9b      	ldr	r3, [r3, #72]	; 0x48
 80a0248:	9301      	str	r3, [sp, #4]
 80a024a:	bd08      	pop	{r3, pc}
 80a024c:	080601c0 	.word	0x080601c0

080a0250 <set_system_mode>:
#endif

DYNALIB_BEGIN(system)

DYNALIB_FN(0, system, system_mode, System_Mode_TypeDef(void))
DYNALIB_FN(1, system, set_system_mode, void(System_Mode_TypeDef))
 80a0250:	b508      	push	{r3, lr}
 80a0252:	4b02      	ldr	r3, [pc, #8]	; (80a025c <set_system_mode+0xc>)
 80a0254:	681b      	ldr	r3, [r3, #0]
 80a0256:	685b      	ldr	r3, [r3, #4]
 80a0258:	9301      	str	r3, [sp, #4]
 80a025a:	bd08      	pop	{r3, pc}
 80a025c:	080601a4 	.word	0x080601a4

080a0260 <system_ctrl_set_app_request_handler>:
DYNALIB_FN(BASE_IDX + 6, system, led_pattern_period, uint16_t(int, int, void*))
DYNALIB_FN(BASE_IDX + 7, system, system_set_tester_handlers, int(system_tester_handlers_t*, void*))
DYNALIB_FN(BASE_IDX + 8, system, system_format_diag_data, int(const uint16_t*, size_t, unsigned, appender_fn, void*, void*))

// Control requests
DYNALIB_FN(BASE_IDX + 9, system, system_ctrl_set_app_request_handler, int(ctrl_request_handler_fn, void*))
 80a0260:	b508      	push	{r3, lr}
 80a0262:	4b03      	ldr	r3, [pc, #12]	; (80a0270 <system_ctrl_set_app_request_handler+0x10>)
 80a0264:	681b      	ldr	r3, [r3, #0]
 80a0266:	f8d3 3090 	ldr.w	r3, [r3, #144]	; 0x90
 80a026a:	9301      	str	r3, [sp, #4]
 80a026c:	bd08      	pop	{r3, pc}
 80a026e:	0000      	.short	0x0000
 80a0270:	080601a4 	.word	0x080601a4

080a0274 <system_ctrl_set_result>:
DYNALIB_FN(BASE_IDX + 10, system, system_ctrl_alloc_reply_data, int(ctrl_request*, size_t, void*))
DYNALIB_FN(BASE_IDX + 11, system, system_ctrl_free_request_data, void(ctrl_request*, void*))
DYNALIB_FN(BASE_IDX + 12, system, system_ctrl_set_result, void(ctrl_request*, int, ctrl_completion_handler_fn, void*, void*))
 80a0274:	b508      	push	{r3, lr}
 80a0276:	4b03      	ldr	r3, [pc, #12]	; (80a0284 <system_ctrl_set_result+0x10>)
 80a0278:	681b      	ldr	r3, [r3, #0]
 80a027a:	f8d3 309c 	ldr.w	r3, [r3, #156]	; 0x9c
 80a027e:	9301      	str	r3, [sp, #4]
 80a0280:	bd08      	pop	{r3, pc}
 80a0282:	0000      	.short	0x0000
 80a0284:	080601a4 	.word	0x080601a4

080a0288 <network_connect>:
#endif

DYNALIB_BEGIN(system_net)

DYNALIB_FN(0, system_net, network_config, const void*(network_handle_t, uint32_t, void*))
DYNALIB_FN(1, system_net, network_connect, void(network_handle_t, uint32_t, uint32_t, void*))
 80a0288:	b508      	push	{r3, lr}
 80a028a:	4b02      	ldr	r3, [pc, #8]	; (80a0294 <network_connect+0xc>)
 80a028c:	681b      	ldr	r3, [r3, #0]
 80a028e:	685b      	ldr	r3, [r3, #4]
 80a0290:	9301      	str	r3, [sp, #4]
 80a0292:	bd08      	pop	{r3, pc}
 80a0294:	080601c8 	.word	0x080601c8

080a0298 <network_connecting>:
DYNALIB_FN(2, system_net, network_connecting, bool(network_handle_t, uint32_t, void*))
 80a0298:	b508      	push	{r3, lr}
 80a029a:	4b02      	ldr	r3, [pc, #8]	; (80a02a4 <network_connecting+0xc>)
 80a029c:	681b      	ldr	r3, [r3, #0]
 80a029e:	689b      	ldr	r3, [r3, #8]
 80a02a0:	9301      	str	r3, [sp, #4]
 80a02a2:	bd08      	pop	{r3, pc}
 80a02a4:	080601c8 	.word	0x080601c8

080a02a8 <network_disconnect>:
DYNALIB_FN(3, system_net, network_disconnect, void(network_handle_t, uint32_t, void*))
 80a02a8:	b508      	push	{r3, lr}
 80a02aa:	4b02      	ldr	r3, [pc, #8]	; (80a02b4 <network_disconnect+0xc>)
 80a02ac:	681b      	ldr	r3, [r3, #0]
 80a02ae:	68db      	ldr	r3, [r3, #12]
 80a02b0:	9301      	str	r3, [sp, #4]
 80a02b2:	bd08      	pop	{r3, pc}
 80a02b4:	080601c8 	.word	0x080601c8

080a02b8 <network_ready>:
DYNALIB_FN(4, system_net, network_ready, bool(network_handle_t, uint32_t, void*))
 80a02b8:	b508      	push	{r3, lr}
 80a02ba:	4b02      	ldr	r3, [pc, #8]	; (80a02c4 <network_ready+0xc>)
 80a02bc:	681b      	ldr	r3, [r3, #0]
 80a02be:	691b      	ldr	r3, [r3, #16]
 80a02c0:	9301      	str	r3, [sp, #4]
 80a02c2:	bd08      	pop	{r3, pc}
 80a02c4:	080601c8 	.word	0x080601c8

080a02c8 <network_on>:
DYNALIB_FN(5, system_net, network_on, void(network_handle_t, uint32_t, uint32_t, void*))
 80a02c8:	b508      	push	{r3, lr}
 80a02ca:	4b02      	ldr	r3, [pc, #8]	; (80a02d4 <network_on+0xc>)
 80a02cc:	681b      	ldr	r3, [r3, #0]
 80a02ce:	695b      	ldr	r3, [r3, #20]
 80a02d0:	9301      	str	r3, [sp, #4]
 80a02d2:	bd08      	pop	{r3, pc}
 80a02d4:	080601c8 	.word	0x080601c8

080a02d8 <network_off>:
DYNALIB_FN(6, system_net, network_off, void(network_handle_t, uint32_t, uint32_t, void*))
 80a02d8:	b508      	push	{r3, lr}
 80a02da:	4b02      	ldr	r3, [pc, #8]	; (80a02e4 <network_off+0xc>)
 80a02dc:	681b      	ldr	r3, [r3, #0]
 80a02de:	699b      	ldr	r3, [r3, #24]
 80a02e0:	9301      	str	r3, [sp, #4]
 80a02e2:	bd08      	pop	{r3, pc}
 80a02e4:	080601c8 	.word	0x080601c8

080a02e8 <network_listen>:
DYNALIB_FN(7, system_net, network_listen, void(network_handle_t, uint32_t, void*))
 80a02e8:	b508      	push	{r3, lr}
 80a02ea:	4b02      	ldr	r3, [pc, #8]	; (80a02f4 <network_listen+0xc>)
 80a02ec:	681b      	ldr	r3, [r3, #0]
 80a02ee:	69db      	ldr	r3, [r3, #28]
 80a02f0:	9301      	str	r3, [sp, #4]
 80a02f2:	bd08      	pop	{r3, pc}
 80a02f4:	080601c8 	.word	0x080601c8

080a02f8 <network_listening>:
DYNALIB_FN(8, system_net, network_listening, bool(network_handle_t, uint32_t, void*))
 80a02f8:	b508      	push	{r3, lr}
 80a02fa:	4b02      	ldr	r3, [pc, #8]	; (80a0304 <network_listening+0xc>)
 80a02fc:	681b      	ldr	r3, [r3, #0]
 80a02fe:	6a1b      	ldr	r3, [r3, #32]
 80a0300:	9301      	str	r3, [sp, #4]
 80a0302:	bd08      	pop	{r3, pc}
 80a0304:	080601c8 	.word	0x080601c8

080a0308 <network_set_listen_timeout>:
DYNALIB_FN(9, system_net, network_has_credentials, bool(network_handle_t, uint32_t, void*))
DYNALIB_FN(10, system_net, network_set_credentials, int(network_handle_t, uint32_t, NetworkCredentials*, void*))
DYNALIB_FN(11, system_net, network_clear_credentials, bool(network_handle_t, uint32_t, NetworkCredentials*, void*))
DYNALIB_FN(12, system_net, network_set_listen_timeout, void(network_handle_t, uint16_t, void*))
 80a0308:	b508      	push	{r3, lr}
 80a030a:	4b02      	ldr	r3, [pc, #8]	; (80a0314 <network_set_listen_timeout+0xc>)
 80a030c:	681b      	ldr	r3, [r3, #0]
 80a030e:	6b1b      	ldr	r3, [r3, #48]	; 0x30
 80a0310:	9301      	str	r3, [sp, #4]
 80a0312:	bd08      	pop	{r3, pc}
 80a0314:	080601c8 	.word	0x080601c8

080a0318 <network_get_listen_timeout>:
DYNALIB_FN(13, system_net, network_get_listen_timeout, uint16_t(network_handle_t, uint32_t, void*))
 80a0318:	b508      	push	{r3, lr}
 80a031a:	4b02      	ldr	r3, [pc, #8]	; (80a0324 <network_get_listen_timeout+0xc>)
 80a031c:	681b      	ldr	r3, [r3, #0]
 80a031e:	6b5b      	ldr	r3, [r3, #52]	; 0x34
 80a0320:	9301      	str	r3, [sp, #4]
 80a0322:	bd08      	pop	{r3, pc}
 80a0324:	080601c8 	.word	0x080601c8

080a0328 <network_is_on>:
DYNALIB_FN(14, system_net, network_set_hostname, int(network_handle_t, uint32_t, const char*, void*))
DYNALIB_FN(15, system_net, network_get_hostname, int(network_handle_t, uint32_t, char*, size_t, void*))
DYNALIB_FN(16, system_net, network_is_on, bool(network_handle_t, void*))
 80a0328:	b508      	push	{r3, lr}
 80a032a:	4b02      	ldr	r3, [pc, #8]	; (80a0334 <network_is_on+0xc>)
 80a032c:	681b      	ldr	r3, [r3, #0]
 80a032e:	6c1b      	ldr	r3, [r3, #64]	; 0x40
 80a0330:	9301      	str	r3, [sp, #4]
 80a0332:	bd08      	pop	{r3, pc}
 80a0334:	080601c8 	.word	0x080601c8

080a0338 <network_is_off>:
DYNALIB_FN(17, system_net, network_is_off, bool(network_handle_t, void*))
 80a0338:	b508      	push	{r3, lr}
 80a033a:	4b02      	ldr	r3, [pc, #8]	; (80a0344 <network_is_off+0xc>)
 80a033c:	681b      	ldr	r3, [r3, #0]
 80a033e:	6c5b      	ldr	r3, [r3, #68]	; 0x44
 80a0340:	9301      	str	r3, [sp, #4]
 80a0342:	bd08      	pop	{r3, pc}
 80a0344:	080601c8 	.word	0x080601c8

080a0348 <spark_function>:


DYNALIB_BEGIN(system_cloud)

DYNALIB_FN(0, system_cloud, spark_variable, bool(const char*, const void*, Spark_Data_TypeDef, spark_variable_t*))
DYNALIB_FN(1, system_cloud, spark_function, bool(const char*, p_user_function_int_str_t, void*))
 80a0348:	b508      	push	{r3, lr}
 80a034a:	4b02      	ldr	r3, [pc, #8]	; (80a0354 <spark_function+0xc>)
 80a034c:	681b      	ldr	r3, [r3, #0]
 80a034e:	685b      	ldr	r3, [r3, #4]
 80a0350:	9301      	str	r3, [sp, #4]
 80a0352:	bd08      	pop	{r3, pc}
 80a0354:	080601cc 	.word	0x080601cc

080a0358 <spark_set_random_seed_from_cloud_handler>:
DYNALIB_FN(10, system_cloud, spark_unsubscribe, void(void*))
DYNALIB_FN(11, system_cloud, spark_sync_time, bool(void*))
DYNALIB_FN(12, system_cloud, spark_sync_time_pending, bool(void*))
DYNALIB_FN(13, system_cloud, spark_sync_time_last, system_tick_t(time32_t*, time_t*))
DYNALIB_FN(14, system_cloud, spark_set_connection_property, int(unsigned, unsigned, const void*, void*))
DYNALIB_FN(15, system_cloud, spark_set_random_seed_from_cloud_handler, int(void (*handler)(unsigned int), void*))
 80a0358:	b508      	push	{r3, lr}
 80a035a:	4b02      	ldr	r3, [pc, #8]	; (80a0364 <spark_set_random_seed_from_cloud_handler+0xc>)
 80a035c:	681b      	ldr	r3, [r3, #0]
 80a035e:	6bdb      	ldr	r3, [r3, #60]	; 0x3c
 80a0360:	9301      	str	r3, [sp, #4]
 80a0362:	bd08      	pop	{r3, pc}
 80a0364:	080601cc 	.word	0x080601cc

080a0368 <malloc>:
#include "hal_platform.h"
#endif // defined(DYNALIB_EXPORT) || (defined(DYNALIB_IMPORT) && !defined(RT_DYNALIB_NO_DEPENDENCY_BREAKING_IMPORTS))

DYNALIB_BEGIN(rt)

DYNALIB_FN(0, rt, malloc, void*(size_t))
 80a0368:	b508      	push	{r3, lr}
 80a036a:	4b02      	ldr	r3, [pc, #8]	; (80a0374 <malloc+0xc>)
 80a036c:	681b      	ldr	r3, [r3, #0]
 80a036e:	681b      	ldr	r3, [r3, #0]
 80a0370:	9301      	str	r3, [sp, #4]
 80a0372:	bd08      	pop	{r3, pc}
 80a0374:	080601a0 	.word	0x080601a0

080a0378 <free>:
DYNALIB_FN(1, rt, free, void(void*))
 80a0378:	b508      	push	{r3, lr}
 80a037a:	4b02      	ldr	r3, [pc, #8]	; (80a0384 <free+0xc>)
 80a037c:	681b      	ldr	r3, [r3, #0]
 80a037e:	685b      	ldr	r3, [r3, #4]
 80a0380:	9301      	str	r3, [sp, #4]
 80a0382:	bd08      	pop	{r3, pc}
 80a0384:	080601a0 	.word	0x080601a0

080a0388 <realloc>:
DYNALIB_FN(2, rt, realloc, void*(void*, size_t))
 80a0388:	b508      	push	{r3, lr}
 80a038a:	4b02      	ldr	r3, [pc, #8]	; (80a0394 <realloc+0xc>)
 80a038c:	681b      	ldr	r3, [r3, #0]
 80a038e:	689b      	ldr	r3, [r3, #8]
 80a0390:	9301      	str	r3, [sp, #4]
 80a0392:	bd08      	pop	{r3, pc}
 80a0394:	080601a0 	.word	0x080601a0

080a0398 <newlib_impure_ptr_callback>:
// RT is currently being imported into system-part1 from system-part2,
// which is the reverse direction.

#if defined(DYNALIB_EXPORT) || (defined(DYNALIB_IMPORT) && !defined(RT_DYNALIB_NO_DEPENDENCY_BREAKING_IMPORTS))
DYNALIB_FN(16, rt, __assert_func, void(const char*, int, const char*, const char*))
DYNALIB_FN(17, rt, newlib_impure_ptr_callback, void(void (*)(struct _reent*, size_t, uint32_t, void*), void*))
 80a0398:	b508      	push	{r3, lr}
 80a039a:	4b02      	ldr	r3, [pc, #8]	; (80a03a4 <newlib_impure_ptr_callback+0xc>)
 80a039c:	681b      	ldr	r3, [r3, #0]
 80a039e:	6c5b      	ldr	r3, [r3, #68]	; 0x44
 80a03a0:	9301      	str	r3, [sp, #4]
 80a03a2:	bd08      	pop	{r3, pc}
 80a03a4:	080601a0 	.word	0x080601a0

080a03a8 <_GLOBAL__sub_I_System>:
} // namespace particle

// particle::Flag<TagT, ValueT>
template<typename TagT, typename ValueT>
inline particle::Flag<TagT, ValueT>::Flag(ValueT val) :
        val_(val) {
 80a03a8:	2202      	movs	r2, #2

class SystemSleepResult {
public:
    SystemSleepResult()
            : wakeupSource_(nullptr),
              error_(SYSTEM_ERROR_NONE) {
 80a03aa:	2000      	movs	r0, #0
 80a03ac:	4b04      	ldr	r3, [pc, #16]	; (80a03c0 <_GLOBAL__sub_I_System+0x18>)
 80a03ae:	601a      	str	r2, [r3, #0]
 80a03b0:	4b04      	ldr	r3, [pc, #16]	; (80a03c4 <_GLOBAL__sub_I_System+0x1c>)
    SleepResult() {}
 80a03b2:	4a05      	ldr	r2, [pc, #20]	; (80a03c8 <_GLOBAL__sub_I_System+0x20>)
              error_(SYSTEM_ERROR_NONE) {
 80a03b4:	6018      	str	r0, [r3, #0]
 80a03b6:	8098      	strh	r0, [r3, #4]
    SleepResult() {}
 80a03b8:	7198      	strb	r0, [r3, #6]
 80a03ba:	609a      	str	r2, [r3, #8]

class SystemClass {
public:

    SystemClass(System_Mode_TypeDef mode = DEFAULT) {
        set_system_mode(mode);
 80a03bc:	f7ff bf48 	b.w	80a0250 <set_system_mode>
 80a03c0:	2000007c 	.word	0x2000007c
 80a03c4:	20000070 	.word	0x20000070
 80a03c8:	ffff0000 	.word	0xffff0000

080a03cc <_ZN6StringD1Ev>:
	init();
	char buf[33];
	dtoa(value, decimalPlaces, buf);
        *this = buf;
}
String::~String()
 80a03cc:	b510      	push	{r4, lr}
 80a03ce:	4604      	mov	r4, r0
{
	free(buffer);
 80a03d0:	6800      	ldr	r0, [r0, #0]
 80a03d2:	f7ff ffd1 	bl	80a0378 <free>
}
 80a03d6:	4620      	mov	r0, r4
 80a03d8:	bd10      	pop	{r4, pc}

080a03da <_ZN6String10invalidateEv>:
	len = 0;
	flags = 0;
}

void String::invalidate(void)
{
 80a03da:	b510      	push	{r4, lr}
 80a03dc:	4604      	mov	r4, r0
	if (buffer) free(buffer);
 80a03de:	6800      	ldr	r0, [r0, #0]
 80a03e0:	b108      	cbz	r0, 80a03e6 <_ZN6String10invalidateEv+0xc>
 80a03e2:	f7ff ffc9 	bl	80a0378 <free>
	buffer = NULL;
 80a03e6:	2300      	movs	r3, #0
	capacity = len = 0;
 80a03e8:	e9c4 3301 	strd	r3, r3, [r4, #4]
	buffer = NULL;
 80a03ec:	6023      	str	r3, [r4, #0]
}
 80a03ee:	bd10      	pop	{r4, pc}

080a03f0 <_ZN6String12changeBufferEj>:
	}
	return 0;
}

unsigned char String::changeBuffer(unsigned int maxStrLen)
{
 80a03f0:	b538      	push	{r3, r4, r5, lr}
 80a03f2:	4604      	mov	r4, r0
 80a03f4:	460d      	mov	r5, r1
	char *newbuffer = (char *)realloc(buffer, maxStrLen + 1);
 80a03f6:	6800      	ldr	r0, [r0, #0]
 80a03f8:	3101      	adds	r1, #1
 80a03fa:	f7ff ffc5 	bl	80a0388 <realloc>
	if (newbuffer) {
 80a03fe:	b110      	cbz	r0, 80a0406 <_ZN6String12changeBufferEj+0x16>
		buffer = newbuffer;
		capacity = maxStrLen;
 80a0400:	e9c4 0500 	strd	r0, r5, [r4]
		return 1;
 80a0404:	2001      	movs	r0, #1
	}
	return 0;
}
 80a0406:	bd38      	pop	{r3, r4, r5, pc}

080a0408 <_ZN6String7reserveEj>:
{
 80a0408:	b510      	push	{r4, lr}
	if (buffer && capacity >= size) return 1;
 80a040a:	6803      	ldr	r3, [r0, #0]
{
 80a040c:	4604      	mov	r4, r0
	if (buffer && capacity >= size) return 1;
 80a040e:	b123      	cbz	r3, 80a041a <_ZN6String7reserveEj+0x12>
 80a0410:	6843      	ldr	r3, [r0, #4]
 80a0412:	428b      	cmp	r3, r1
 80a0414:	d301      	bcc.n	80a041a <_ZN6String7reserveEj+0x12>
 80a0416:	2001      	movs	r0, #1
}
 80a0418:	bd10      	pop	{r4, pc}
	if (changeBuffer(size)) {
 80a041a:	4620      	mov	r0, r4
 80a041c:	f7ff ffe8 	bl	80a03f0 <_ZN6String12changeBufferEj>
 80a0420:	2800      	cmp	r0, #0
 80a0422:	d0f9      	beq.n	80a0418 <_ZN6String7reserveEj+0x10>
		if (len == 0) buffer[0] = 0;
 80a0424:	68a3      	ldr	r3, [r4, #8]
 80a0426:	2b00      	cmp	r3, #0
 80a0428:	d1f5      	bne.n	80a0416 <_ZN6String7reserveEj+0xe>
 80a042a:	6822      	ldr	r2, [r4, #0]
 80a042c:	7013      	strb	r3, [r2, #0]
 80a042e:	e7f2      	b.n	80a0416 <_ZN6String7reserveEj+0xe>

080a0430 <_ZN6String4copyEPKcj>:
/*********************************************/
/*  Copy and Move                            */
/*********************************************/

String & String::copy(const char *cstr, unsigned int length)
{
 80a0430:	b570      	push	{r4, r5, r6, lr}
 80a0432:	460e      	mov	r6, r1
	if (!reserve(length)) {
 80a0434:	4611      	mov	r1, r2
{
 80a0436:	4604      	mov	r4, r0
 80a0438:	4615      	mov	r5, r2
	if (!reserve(length)) {
 80a043a:	f7ff ffe5 	bl	80a0408 <_ZN6String7reserveEj>
 80a043e:	b920      	cbnz	r0, 80a044a <_ZN6String4copyEPKcj+0x1a>
		invalidate();
 80a0440:	4620      	mov	r0, r4
 80a0442:	f7ff ffca 	bl	80a03da <_ZN6String10invalidateEv>
	}
	len = length;
	memcpy(buffer, cstr, length);
	buffer[len] = 0;
	return *this;
}
 80a0446:	4620      	mov	r0, r4
 80a0448:	bd70      	pop	{r4, r5, r6, pc}
	memcpy(buffer, cstr, length);
 80a044a:	462a      	mov	r2, r5
 80a044c:	4631      	mov	r1, r6
 80a044e:	6820      	ldr	r0, [r4, #0]
	len = length;
 80a0450:	60a5      	str	r5, [r4, #8]
	memcpy(buffer, cstr, length);
 80a0452:	f000 fc1b 	bl	80a0c8c <memcpy>
	buffer[len] = 0;
 80a0456:	2100      	movs	r1, #0
 80a0458:	6822      	ldr	r2, [r4, #0]
 80a045a:	68a3      	ldr	r3, [r4, #8]
 80a045c:	54d1      	strb	r1, [r2, r3]
	return *this;
 80a045e:	e7f2      	b.n	80a0446 <_ZN6String4copyEPKcj+0x16>

080a0460 <_ZN6StringC1EPKc>:
String::String(const char *cstr)
 80a0460:	b538      	push	{r3, r4, r5, lr}
	buffer = NULL;
 80a0462:	2300      	movs	r3, #0
String::String(const char *cstr)
 80a0464:	4604      	mov	r4, r0
	if (cstr) copy(cstr, strlen(cstr));
 80a0466:	460d      	mov	r5, r1
	capacity = 0;
 80a0468:	e9c0 3300 	strd	r3, r3, [r0]
	len = 0;
 80a046c:	6083      	str	r3, [r0, #8]
	flags = 0;
 80a046e:	7303      	strb	r3, [r0, #12]
	if (cstr) copy(cstr, strlen(cstr));
 80a0470:	b139      	cbz	r1, 80a0482 <_ZN6StringC1EPKc+0x22>
 80a0472:	4608      	mov	r0, r1
 80a0474:	f000 fc4e 	bl	80a0d14 <strlen>
 80a0478:	4629      	mov	r1, r5
 80a047a:	4602      	mov	r2, r0
 80a047c:	4620      	mov	r0, r4
 80a047e:	f7ff ffd7 	bl	80a0430 <_ZN6String4copyEPKcj>
}
 80a0482:	4620      	mov	r0, r4
 80a0484:	bd38      	pop	{r3, r4, r5, pc}

080a0486 <_ZN6StringaSERKS_>:
}
#endif

String & String::operator = (const String &rhs)
{
	if (this == &rhs) return *this;
 80a0486:	4288      	cmp	r0, r1
{
 80a0488:	b510      	push	{r4, lr}
 80a048a:	460b      	mov	r3, r1
 80a048c:	4604      	mov	r4, r0
	if (this == &rhs) return *this;
 80a048e:	d004      	beq.n	80a049a <_ZN6StringaSERKS_+0x14>

	if (rhs.buffer) copy(rhs.buffer, rhs.len);
 80a0490:	6809      	ldr	r1, [r1, #0]
 80a0492:	b121      	cbz	r1, 80a049e <_ZN6StringaSERKS_+0x18>
 80a0494:	689a      	ldr	r2, [r3, #8]
 80a0496:	f7ff ffcb 	bl	80a0430 <_ZN6String4copyEPKcj>
	else invalidate();

	return *this;
}
 80a049a:	4620      	mov	r0, r4
 80a049c:	bd10      	pop	{r4, pc}
	else invalidate();
 80a049e:	f7ff ff9c 	bl	80a03da <_ZN6String10invalidateEv>
 80a04a2:	e7fa      	b.n	80a049a <_ZN6StringaSERKS_+0x14>

080a04a4 <_ZN6StringC1ERKS_>:
	buffer = NULL;
 80a04a4:	2300      	movs	r3, #0
String::String(const String &value)
 80a04a6:	b510      	push	{r4, lr}
 80a04a8:	4604      	mov	r4, r0
	capacity = 0;
 80a04aa:	e9c0 3300 	strd	r3, r3, [r0]
	len = 0;
 80a04ae:	6083      	str	r3, [r0, #8]
	flags = 0;
 80a04b0:	7303      	strb	r3, [r0, #12]
	*this = value;
 80a04b2:	f7ff ffe8 	bl	80a0486 <_ZN6StringaSERKS_>
}
 80a04b6:	4620      	mov	r0, r4
 80a04b8:	bd10      	pop	{r4, pc}

080a04ba <_ZNK6String6equalsEPKc>:
{
	return (len == s2.len && compareTo(s2) == 0);
}

unsigned char String::equals(const char *cstr) const
{
 80a04ba:	b508      	push	{r3, lr}
	if (len == 0) return (cstr == NULL || *cstr == 0);
 80a04bc:	6882      	ldr	r2, [r0, #8]
 80a04be:	b93a      	cbnz	r2, 80a04d0 <_ZNK6String6equalsEPKc+0x16>
 80a04c0:	b121      	cbz	r1, 80a04cc <_ZNK6String6equalsEPKc+0x12>
 80a04c2:	7808      	ldrb	r0, [r1, #0]
	if (cstr == NULL) return buffer[0] == 0;
	return strcmp(buffer, cstr) == 0;
 80a04c4:	fab0 f080 	clz	r0, r0
 80a04c8:	0940      	lsrs	r0, r0, #5
 80a04ca:	e000      	b.n	80a04ce <_ZNK6String6equalsEPKc+0x14>
	if (len == 0) return (cstr == NULL || *cstr == 0);
 80a04cc:	2001      	movs	r0, #1
}
 80a04ce:	bd08      	pop	{r3, pc}
	if (cstr == NULL) return buffer[0] == 0;
 80a04d0:	6800      	ldr	r0, [r0, #0]
 80a04d2:	b909      	cbnz	r1, 80a04d8 <_ZNK6String6equalsEPKc+0x1e>
 80a04d4:	7800      	ldrb	r0, [r0, #0]
 80a04d6:	e7f5      	b.n	80a04c4 <_ZNK6String6equalsEPKc+0xa>
	return strcmp(buffer, cstr) == 0;
 80a04d8:	f000 fc12 	bl	80a0d00 <strcmp>
 80a04dc:	e7f2      	b.n	80a04c4 <_ZNK6String6equalsEPKc+0xa>

080a04de <_ZN5Print5writeEPKhj>:

// Public Methods //////////////////////////////////////////////////////////////

/* default implementation: may be overridden */
size_t Print::write(const uint8_t *buffer, size_t size)
{
 80a04de:	b5f8      	push	{r3, r4, r5, r6, r7, lr}
 80a04e0:	4606      	mov	r6, r0
 80a04e2:	460d      	mov	r5, r1
  size_t n = 0;
 80a04e4:	2400      	movs	r4, #0
 80a04e6:	188f      	adds	r7, r1, r2
  while (size--) {
 80a04e8:	42bd      	cmp	r5, r7
 80a04ea:	d00c      	beq.n	80a0506 <_ZN5Print5writeEPKhj+0x28>
     int chunk = write(*buffer++);
 80a04ec:	6833      	ldr	r3, [r6, #0]
 80a04ee:	4630      	mov	r0, r6
 80a04f0:	689b      	ldr	r3, [r3, #8]
 80a04f2:	f815 1b01 	ldrb.w	r1, [r5], #1
 80a04f6:	4798      	blx	r3
     if (chunk>=0)
 80a04f8:	1e03      	subs	r3, r0, #0
 80a04fa:	db01      	blt.n	80a0500 <_ZN5Print5writeEPKhj+0x22>
         n += chunk;
 80a04fc:	441c      	add	r4, r3
  while (size--) {
 80a04fe:	e7f3      	b.n	80a04e8 <_ZN5Print5writeEPKhj+0xa>
     int chunk = write(*buffer++);
 80a0500:	2c00      	cmp	r4, #0
 80a0502:	bf08      	it	eq
 80a0504:	461c      	moveq	r4, r3
             n = chunk;
         break;
     }
  }
  return n;
}
 80a0506:	4620      	mov	r0, r4
 80a0508:	bdf8      	pop	{r3, r4, r5, r6, r7, pc}

080a050a <_ZN5Print5writeEPKc>:

    int getWriteError() { return write_error; }
    void clearWriteError() { setWriteError(0); }

    virtual size_t write(uint8_t) = 0;
    size_t write(const char *str) {
 80a050a:	b570      	push	{r4, r5, r6, lr}
 80a050c:	4605      	mov	r5, r0
      if (str == NULL) return 0;
 80a050e:	460c      	mov	r4, r1
      return write((const uint8_t *)str, strlen(str));
    }
 80a0510:	4608      	mov	r0, r1
      if (str == NULL) return 0;
 80a0512:	b149      	cbz	r1, 80a0528 <_ZN5Print5writeEPKc+0x1e>
      return write((const uint8_t *)str, strlen(str));
 80a0514:	f000 fbfe 	bl	80a0d14 <strlen>
 80a0518:	682b      	ldr	r3, [r5, #0]
 80a051a:	4602      	mov	r2, r0
 80a051c:	4621      	mov	r1, r4
 80a051e:	4628      	mov	r0, r5
    }
 80a0520:	e8bd 4070 	ldmia.w	sp!, {r4, r5, r6, lr}
      return write((const uint8_t *)str, strlen(str));
 80a0524:	68db      	ldr	r3, [r3, #12]
 80a0526:	4718      	bx	r3
    }
 80a0528:	bd70      	pop	{r4, r5, r6, pc}

080a052a <_ZN5Print5printEPKc>:

size_t Print::print(const char str[])
{
 80a052a:	b508      	push	{r3, lr}
  return write(str);
 80a052c:	f7ff ffed 	bl	80a050a <_ZN5Print5writeEPKc>
}
 80a0530:	bd08      	pop	{r3, pc}

080a0532 <_ZN5Print5printEc>:

size_t Print::print(char c)
{
  return write(c);
 80a0532:	6803      	ldr	r3, [r0, #0]
 80a0534:	689b      	ldr	r3, [r3, #8]
 80a0536:	4718      	bx	r3

080a0538 <_ZN5Print7printlnEv>:
{
  return print(reinterpret_cast<const char*>(str));
}

size_t Print::println(void)
{
 80a0538:	b538      	push	{r3, r4, r5, lr}
  size_t n = print('\r');
 80a053a:	210d      	movs	r1, #13
{
 80a053c:	4605      	mov	r5, r0
  size_t n = print('\r');
 80a053e:	f7ff fff8 	bl	80a0532 <_ZN5Print5printEc>
  n += print('\n');
 80a0542:	210a      	movs	r1, #10
  size_t n = print('\r');
 80a0544:	4604      	mov	r4, r0
  n += print('\n');
 80a0546:	4628      	mov	r0, r5
 80a0548:	f7ff fff3 	bl	80a0532 <_ZN5Print5printEc>
  return n;
}
 80a054c:	4420      	add	r0, r4
 80a054e:	bd38      	pop	{r3, r4, r5, pc}

080a0550 <_ZN5Print7printlnEPKc>:

size_t Print::println(const char c[])
{
 80a0550:	b538      	push	{r3, r4, r5, lr}
 80a0552:	4605      	mov	r5, r0
  return write(str);
 80a0554:	f7ff ffd9 	bl	80a050a <_ZN5Print5writeEPKc>
 80a0558:	4604      	mov	r4, r0
  size_t n = print(c);
  n += println();
 80a055a:	4628      	mov	r0, r5
 80a055c:	f7ff ffec 	bl	80a0538 <_ZN5Print7printlnEv>
  return n;
}
 80a0560:	4420      	add	r0, r4
 80a0562:	bd38      	pop	{r3, r4, r5, pc}

080a0564 <_ZN5Print11printNumberEmh>:

size_t Print::printNumber(unsigned long n, uint8_t base) {
  char buf[8 * sizeof(n) + 1]; // Assumes 8-bit chars plus zero byte.
  char *str = &buf[sizeof(buf) - 1];

  *str = '\0';
 80a0564:	2300      	movs	r3, #0

  // prevent crash if called with base == 1
  if (base < 2) base = 10;
 80a0566:	2a01      	cmp	r2, #1
 80a0568:	bf98      	it	ls
 80a056a:	220a      	movls	r2, #10
size_t Print::printNumber(unsigned long n, uint8_t base) {
 80a056c:	b530      	push	{r4, r5, lr}
 80a056e:	b08b      	sub	sp, #44	; 0x2c
 80a0570:	460c      	mov	r4, r1
  *str = '\0';
 80a0572:	f88d 3024 	strb.w	r3, [sp, #36]	; 0x24
  if (base < 2) base = 10;
 80a0576:	a909      	add	r1, sp, #36	; 0x24

  do {
   decltype(n) m = n;
   n /= base;
 80a0578:	4625      	mov	r5, r4
 80a057a:	fbb4 f4f2 	udiv	r4, r4, r2
   char c = m - base * n;
 80a057e:	fb04 5312 	mls	r3, r4, r2, r5
 80a0582:	b2db      	uxtb	r3, r3
   *--str = c < 10 ? c + '0' : c + 'A' - 10;
 80a0584:	2b09      	cmp	r3, #9
 80a0586:	bf94      	ite	ls
 80a0588:	3330      	addls	r3, #48	; 0x30
 80a058a:	3337      	addhi	r3, #55	; 0x37
 80a058c:	b2db      	uxtb	r3, r3
  } while(n);
 80a058e:	42aa      	cmp	r2, r5
   *--str = c < 10 ? c + '0' : c + 'A' - 10;
 80a0590:	f801 3d01 	strb.w	r3, [r1, #-1]!
  } while(n);
 80a0594:	d9f0      	bls.n	80a0578 <_ZN5Print11printNumberEmh+0x14>

  return write(str);
 80a0596:	f7ff ffb8 	bl	80a050a <_ZN5Print5writeEPKc>
}
 80a059a:	b00b      	add	sp, #44	; 0x2c
 80a059c:	bd30      	pop	{r4, r5, pc}

080a059e <_ZN5spark9WiFiClass2onEv>:
    bool ready(void) {
        return network_ready(*this, 0, NULL);
    }

    void on(void) {
        network_on(*this, 0, 0, NULL);
 80a059e:	2300      	movs	r3, #0
 80a05a0:	6840      	ldr	r0, [r0, #4]
 80a05a2:	461a      	mov	r2, r3
 80a05a4:	4619      	mov	r1, r3
 80a05a6:	f7ff be8f 	b.w	80a02c8 <network_on>
	...

080a05ac <_GLOBAL__sub_I__ZN5spark3LogE>:
    // This handler doesn't support direct logging
}

// spark::Logger
inline spark::Logger::Logger(const char *name) :
        name_(name) {
 80a05ac:	4b01      	ldr	r3, [pc, #4]	; (80a05b4 <_GLOBAL__sub_I__ZN5spark3LogE+0x8>)
 80a05ae:	4a02      	ldr	r2, [pc, #8]	; (80a05b8 <_GLOBAL__sub_I__ZN5spark3LogE+0xc>)
 80a05b0:	601a      	str	r2, [r3, #0]
#if Wiring_LogConfig

// spark::
void spark::logProcessControlRequest(ctrl_request* req) {
    JSONRequestHandler::process(req);
}
 80a05b2:	4770      	bx	lr
 80a05b4:	20000080 	.word	0x20000080
 80a05b8:	080a0e2d 	.word	0x080a0e2d

080a05bc <_GLOBAL__sub_I_TIME_FORMAT_DEFAULT>:
            calendar_time_cache = Convert_UnixTime_To_CalendarTime(unix_time);
            unix_time_cache = unix_time;
    }
}

const char* TimeClass::format_spec = TIME_FORMAT_DEFAULT;
 80a05bc:	4b02      	ldr	r3, [pc, #8]	; (80a05c8 <_GLOBAL__sub_I_TIME_FORMAT_DEFAULT+0xc>)
 80a05be:	681a      	ldr	r2, [r3, #0]
 80a05c0:	4b02      	ldr	r3, [pc, #8]	; (80a05cc <_GLOBAL__sub_I_TIME_FORMAT_DEFAULT+0x10>)
 80a05c2:	601a      	str	r2, [r3, #0]
{
  return isValid();
}


TimeClass Time;
 80a05c4:	4770      	bx	lr
 80a05c6:	bf00      	nop
 80a05c8:	20000004 	.word	0x20000004
 80a05cc:	20000084 	.word	0x20000084

080a05d0 <_GLOBAL__sub_I_RGB>:
	static void
	_M_init_functor(_Any_data& __functor, _Functor&& __f, false_type)
	{ __functor._M_access<_Functor*>() = new _Functor(std::move(__f)); }
      };

    _Function_base() : _M_manager(nullptr) { }
 80a05d0:	2200      	movs	r2, #0
 80a05d2:	4b01      	ldr	r3, [pc, #4]	; (80a05d8 <_GLOBAL__sub_I_RGB+0x8>)
 80a05d4:	609a      	str	r2, [r3, #8]
{
    RGBClass* const d = static_cast<RGBClass*>(data);
    if (d->changeHandler_) {
        d->changeHandler_(r, g, b);
    }
}
 80a05d6:	4770      	bx	lr
 80a05d8:	20000088 	.word	0x20000088

080a05dc <_ZZ21module_user_init_hookENUlP6_reentjmPvE_4_FUNES0_jmS1_>:

void module_user_init_hook()
{
#if HAL_PLATFORM_NEWLIB
    newlib_impure_ptr_callback([](struct _reent* r, size_t size, uint32_t version, void* ctx) -> void {
        _impure_ptr = r;
 80a05dc:	4b01      	ldr	r3, [pc, #4]	; (80a05e4 <_ZZ21module_user_init_hookENUlP6_reentjmPvE_4_FUNES0_jmS1_+0x8>)
 80a05de:	6018      	str	r0, [r3, #0]
    }, nullptr);
 80a05e0:	4770      	bx	lr
 80a05e2:	bf00      	nop
 80a05e4:	20000008 	.word	0x20000008

080a05e8 <serialEventRun>:
{
 80a05e8:	b508      	push	{r3, lr}
    if (serialEvent && Serial.available()>0)
 80a05ea:	4b13      	ldr	r3, [pc, #76]	; (80a0638 <serialEventRun+0x50>)
 80a05ec:	b143      	cbz	r3, 80a0600 <serialEventRun+0x18>
 80a05ee:	f000 f99b 	bl	80a0928 <_Z16_fetch_usbserialv>
 80a05f2:	6803      	ldr	r3, [r0, #0]
 80a05f4:	691b      	ldr	r3, [r3, #16]
 80a05f6:	4798      	blx	r3
 80a05f8:	2800      	cmp	r0, #0
 80a05fa:	dd01      	ble.n	80a0600 <serialEventRun+0x18>
        serialEvent();
 80a05fc:	f3af 8000 	nop.w
    if (serialEvent1 && Serial1.available()>0)
 80a0600:	4b0e      	ldr	r3, [pc, #56]	; (80a063c <serialEventRun+0x54>)
 80a0602:	b143      	cbz	r3, 80a0616 <serialEventRun+0x2e>
 80a0604:	f000 fa40 	bl	80a0a88 <_Z22__fetch_global_Serial1v>
 80a0608:	6803      	ldr	r3, [r0, #0]
 80a060a:	691b      	ldr	r3, [r3, #16]
 80a060c:	4798      	blx	r3
 80a060e:	2800      	cmp	r0, #0
 80a0610:	dd01      	ble.n	80a0616 <serialEventRun+0x2e>
        serialEvent1();
 80a0612:	f3af 8000 	nop.w
    if (serialEventRun2) serialEventRun2();
 80a0616:	4b0a      	ldr	r3, [pc, #40]	; (80a0640 <serialEventRun+0x58>)
 80a0618:	b10b      	cbz	r3, 80a061e <serialEventRun+0x36>
 80a061a:	f3af 8000 	nop.w
    if (usbSerialEvent1 && USBSerial1.available()>0)
 80a061e:	4b09      	ldr	r3, [pc, #36]	; (80a0644 <serialEventRun+0x5c>)
 80a0620:	b143      	cbz	r3, 80a0634 <serialEventRun+0x4c>
 80a0622:	f000 f9bb 	bl	80a099c <_Z17_fetch_usbserial1v>
 80a0626:	6803      	ldr	r3, [r0, #0]
 80a0628:	691b      	ldr	r3, [r3, #16]
 80a062a:	4798      	blx	r3
 80a062c:	2800      	cmp	r0, #0
 80a062e:	dd01      	ble.n	80a0634 <serialEventRun+0x4c>
        usbSerialEvent1();
 80a0630:	f3af 8000 	nop.w
}
 80a0634:	bd08      	pop	{r3, pc}
 80a0636:	bf00      	nop
	...

080a0648 <_post_loop>:
{
 80a0648:	b508      	push	{r3, lr}
	serialEventRun();
 80a064a:	f7ff ffcd 	bl	80a05e8 <serialEventRun>
		return !timeout_fn;
	}

	static inline system_tick_t current_time()
	{
		return HAL_Timer_Get_Milli_Seconds();
 80a064e:	f7ff fd7f 	bl	80a0150 <HAL_Timer_Get_Milli_Seconds>
	/**
	 * Lifesign that the application is still working normally.
	 */
	static void checkin()
	{
		last_checkin = current_time();
 80a0652:	4b01      	ldr	r3, [pc, #4]	; (80a0658 <_post_loop+0x10>)
 80a0654:	6018      	str	r0, [r3, #0]
}
 80a0656:	bd08      	pop	{r3, pc}
 80a0658:	20000504 	.word	0x20000504

080a065c <_Z33system_initialize_user_backup_ramv>:
    memcpy(&link_global_retained_start, &link_global_retained_initial_values, len);
 80a065c:	4805      	ldr	r0, [pc, #20]	; (80a0674 <_Z33system_initialize_user_backup_ramv+0x18>)
 80a065e:	4a06      	ldr	r2, [pc, #24]	; (80a0678 <_Z33system_initialize_user_backup_ramv+0x1c>)
{
 80a0660:	b508      	push	{r3, lr}
    memcpy(&link_global_retained_start, &link_global_retained_initial_values, len);
 80a0662:	1a12      	subs	r2, r2, r0
 80a0664:	4905      	ldr	r1, [pc, #20]	; (80a067c <_Z33system_initialize_user_backup_ramv+0x20>)
 80a0666:	f000 fb11 	bl	80a0c8c <memcpy>
    __backup_sram_signature = signature;
 80a066a:	4b05      	ldr	r3, [pc, #20]	; (80a0680 <_Z33system_initialize_user_backup_ramv+0x24>)
 80a066c:	4a05      	ldr	r2, [pc, #20]	; (80a0684 <_Z33system_initialize_user_backup_ramv+0x28>)
 80a066e:	601a      	str	r2, [r3, #0]
}
 80a0670:	bd08      	pop	{r3, pc}
 80a0672:	bf00      	nop
 80a0674:	40024000 	.word	0x40024000
 80a0678:	40024004 	.word	0x40024004
 80a067c:	080a0f60 	.word	0x080a0f60
 80a0680:	40024000 	.word	0x40024000
 80a0684:	9a271c1e 	.word	0x9a271c1e

080a0688 <_Z27ctrl_request_custom_handlerP12ctrl_request>:
    system_ctrl_set_result(req, SYSTEM_ERROR_NOT_SUPPORTED, nullptr, nullptr, nullptr);
 80a0688:	2300      	movs	r3, #0
void __attribute((weak)) ctrl_request_custom_handler(ctrl_request* req) {
 80a068a:	b507      	push	{r0, r1, r2, lr}
    system_ctrl_set_result(req, SYSTEM_ERROR_NOT_SUPPORTED, nullptr, nullptr, nullptr);
 80a068c:	461a      	mov	r2, r3
 80a068e:	f06f 0177 	mvn.w	r1, #119	; 0x77
 80a0692:	9300      	str	r3, [sp, #0]
 80a0694:	f7ff fdee 	bl	80a0274 <system_ctrl_set_result>
}
 80a0698:	b003      	add	sp, #12
 80a069a:	f85d fb04 	ldr.w	pc, [sp], #4
	...

080a06a0 <_ZL20ctrl_request_handlerP12ctrl_request>:
static void ctrl_request_handler(ctrl_request* req) {
 80a06a0:	b507      	push	{r0, r1, r2, lr}
    switch (req->type) {
 80a06a2:	8843      	ldrh	r3, [r0, #2]
 80a06a4:	2b0a      	cmp	r3, #10
 80a06a6:	d008      	beq.n	80a06ba <_ZL20ctrl_request_handlerP12ctrl_request+0x1a>
 80a06a8:	2b50      	cmp	r3, #80	; 0x50
 80a06aa:	d10b      	bne.n	80a06c4 <_ZL20ctrl_request_handlerP12ctrl_request+0x24>
        if (log_process_ctrl_request_callback) {
 80a06ac:	4b09      	ldr	r3, [pc, #36]	; (80a06d4 <_ZL20ctrl_request_handlerP12ctrl_request+0x34>)
 80a06ae:	681b      	ldr	r3, [r3, #0]
 80a06b0:	b14b      	cbz	r3, 80a06c6 <_ZL20ctrl_request_handlerP12ctrl_request+0x26>
}
 80a06b2:	b003      	add	sp, #12
 80a06b4:	f85d eb04 	ldr.w	lr, [sp], #4
            log_process_ctrl_request_callback(req);
 80a06b8:	4718      	bx	r3
        ctrl_request_custom_handler(req);
 80a06ba:	f7ff ffe5 	bl	80a0688 <_Z27ctrl_request_custom_handlerP12ctrl_request>
}
 80a06be:	b003      	add	sp, #12
 80a06c0:	f85d fb04 	ldr.w	pc, [sp], #4
        system_ctrl_set_result(req, SYSTEM_ERROR_NOT_SUPPORTED, nullptr, nullptr, nullptr);
 80a06c4:	2300      	movs	r3, #0
 80a06c6:	461a      	mov	r2, r3
 80a06c8:	f06f 0177 	mvn.w	r1, #119	; 0x77
 80a06cc:	9300      	str	r3, [sp, #0]
 80a06ce:	f7ff fdd1 	bl	80a0274 <system_ctrl_set_result>
}
 80a06d2:	e7f4      	b.n	80a06be <_ZL20ctrl_request_handlerP12ctrl_request+0x1e>
 80a06d4:	2000009c 	.word	0x2000009c

080a06d8 <module_user_init_hook>:
    newlib_impure_ptr_callback([](struct _reent* r, size_t size, uint32_t version, void* ctx) -> void {
 80a06d8:	2100      	movs	r1, #0
{
 80a06da:	b510      	push	{r4, lr}
    newlib_impure_ptr_callback([](struct _reent* r, size_t size, uint32_t version, void* ctx) -> void {
 80a06dc:	4811      	ldr	r0, [pc, #68]	; (80a0724 <module_user_init_hook+0x4c>)
 80a06de:	f7ff fe5b 	bl	80a0398 <newlib_impure_ptr_callback>
#endif // HAL_PLATFORM_NEWLIB

#if HAL_PLATFORM_BACKUP_RAM
    backup_ram_was_valid_ = __backup_sram_signature == signature;
 80a06e2:	4b11      	ldr	r3, [pc, #68]	; (80a0728 <module_user_init_hook+0x50>)
 80a06e4:	681a      	ldr	r2, [r3, #0]
 80a06e6:	4b11      	ldr	r3, [pc, #68]	; (80a072c <module_user_init_hook+0x54>)
 80a06e8:	429a      	cmp	r2, r3
 80a06ea:	bf0c      	ite	eq
 80a06ec:	2201      	moveq	r2, #1
 80a06ee:	2200      	movne	r2, #0
 80a06f0:	4b0f      	ldr	r3, [pc, #60]	; (80a0730 <module_user_init_hook+0x58>)
 80a06f2:	701a      	strb	r2, [r3, #0]
    if (!backup_ram_was_valid_) {
 80a06f4:	d001      	beq.n	80a06fa <module_user_init_hook+0x22>
        system_initialize_user_backup_ram();
 80a06f6:	f7ff ffb1 	bl	80a065c <_Z33system_initialize_user_backup_ramv>
    }
#endif

#if HAL_PLATFORM_RNG
    // Initialize the default stdlib PRNG using hardware RNG as a seed
    const uint32_t seed = HAL_RNG_GetRandomNumber();
 80a06fa:	f7ff fd21 	bl	80a0140 <HAL_RNG_GetRandomNumber>
 80a06fe:	4604      	mov	r4, r0
    srand(seed);
 80a0700:	f000 fada 	bl	80a0cb8 <srand>

    // If the user defines random_seed_from_cloud, call it with a seed value
    // generated by a hardware RNG as well.
    if (random_seed_from_cloud) {
 80a0704:	4b0b      	ldr	r3, [pc, #44]	; (80a0734 <module_user_init_hook+0x5c>)
 80a0706:	b113      	cbz	r3, 80a070e <module_user_init_hook+0x36>
        random_seed_from_cloud(seed);
 80a0708:	4620      	mov	r0, r4
 80a070a:	f3af 8000 	nop.w
    }
#endif
    // Register the random_seed_from_cloud handler
    spark_set_random_seed_from_cloud_handler(&random_seed_from_cloud, nullptr);
 80a070e:	2100      	movs	r1, #0
 80a0710:	4808      	ldr	r0, [pc, #32]	; (80a0734 <module_user_init_hook+0x5c>)
 80a0712:	f7ff fe21 	bl	80a0358 <spark_set_random_seed_from_cloud_handler>

    // Register application handler for the control requests
    system_ctrl_set_app_request_handler(ctrl_request_handler, nullptr);
}
 80a0716:	e8bd 4010 	ldmia.w	sp!, {r4, lr}
    system_ctrl_set_app_request_handler(ctrl_request_handler, nullptr);
 80a071a:	2100      	movs	r1, #0
 80a071c:	4806      	ldr	r0, [pc, #24]	; (80a0738 <module_user_init_hook+0x60>)
 80a071e:	f7ff bd9f 	b.w	80a0260 <system_ctrl_set_app_request_handler>
 80a0722:	bf00      	nop
 80a0724:	080a05dd 	.word	0x080a05dd
 80a0728:	40024000 	.word	0x40024000
 80a072c:	9a271c1e 	.word	0x9a271c1e
 80a0730:	20000098 	.word	0x20000098
 80a0734:	00000000 	.word	0x00000000
 80a0738:	080a06a1 	.word	0x080a06a1

080a073c <_ZN10CloudClass22call_raw_user_functionEPvPKcS0_>:
    }
    return CloudDisconnectOptions(options->flags, options->timeout, options->graceful, clearSession);
}

int CloudClass::call_raw_user_function(void* data, const char* param, void* reserved)
{
 80a073c:	b510      	push	{r4, lr}
 80a073e:	b088      	sub	sp, #32
 80a0740:	4604      	mov	r4, r0
    user_function_int_str_t* fn = (user_function_int_str_t*)(data);
    String p(param);
 80a0742:	4668      	mov	r0, sp
 80a0744:	f7ff fe8c 	bl	80a0460 <_ZN6StringC1EPKc>
    return (*fn)(p);
 80a0748:	4669      	mov	r1, sp
 80a074a:	a804      	add	r0, sp, #16
 80a074c:	f7ff feaa 	bl	80a04a4 <_ZN6StringC1ERKS_>
 80a0750:	a804      	add	r0, sp, #16
 80a0752:	47a0      	blx	r4
 80a0754:	4604      	mov	r4, r0
 80a0756:	a804      	add	r0, sp, #16
 80a0758:	f7ff fe38 	bl	80a03cc <_ZN6StringD1Ev>
    String p(param);
 80a075c:	4668      	mov	r0, sp
 80a075e:	f7ff fe35 	bl	80a03cc <_ZN6StringD1Ev>
}
 80a0762:	4620      	mov	r0, r4
 80a0764:	b008      	add	sp, #32
 80a0766:	bd10      	pop	{r4, pc}

080a0768 <_ZN10CloudClass17register_functionEPFiPvPKcS0_ES0_S2_>:
    wiring_event_handler_t* fn = (wiring_event_handler_t*)(handler_data);
    (*fn)(event_name, data);
}

bool CloudClass::register_function(cloud_function_t fn, void* data, const char* funcKey)
{
 80a0768:	b51f      	push	{r0, r1, r2, r3, r4, lr}
    const char *funcKey;
    cloud_function_t fn;
    void* data;

     cloud_function_descriptor() {
         memset(this, 0, sizeof(*this));
 80a076a:	2300      	movs	r3, #0
         size = sizeof(*this);
 80a076c:	2410      	movs	r4, #16
    cloud_function_descriptor desc = {};
    desc.size = sizeof(desc);
    desc.fn = fn;
    desc.data = (void*)data;
 80a076e:	e9cd 0102 	strd	r0, r1, [sp, #8]
    desc.funcKey = funcKey;
 80a0772:	9201      	str	r2, [sp, #4]
    return spark_function(NULL, (user_function_int_str_t*)&desc, NULL);
 80a0774:	4669      	mov	r1, sp
 80a0776:	461a      	mov	r2, r3
 80a0778:	4618      	mov	r0, r3
         memset(this, 0, sizeof(*this));
 80a077a:	f8ad 3002 	strh.w	r3, [sp, #2]
         size = sizeof(*this);
 80a077e:	f8ad 4000 	strh.w	r4, [sp]
 80a0782:	f7ff fde1 	bl	80a0348 <spark_function>
}
 80a0786:	b004      	add	sp, #16
 80a0788:	bd10      	pop	{r4, pc}

080a078a <_ZN9IPAddressD1Ev>:
    IPAddress(uint8_t first_octet, uint8_t second_octet, uint8_t third_octet, uint8_t fourth_octet);
    IPAddress(uint32_t address);
    IPAddress(const uint8_t* address);
    IPAddress(const HAL_IPAddress& address);

    virtual ~IPAddress() {}
 80a078a:	4770      	bx	lr

080a078c <_ZN9IPAddressD0Ev>:
 80a078c:	b510      	push	{r4, lr}
 80a078e:	4604      	mov	r4, r0
 80a0790:	2118      	movs	r1, #24
 80a0792:	f000 fa73 	bl	80a0c7c <_ZdlPvj>
 80a0796:	4620      	mov	r0, r4
 80a0798:	bd10      	pop	{r4, pc}

080a079a <_ZNK9IPAddress7printToER5Print>:
#endif // Wiring_IPv6
	return address.ipv4==that.address.ipv4;
}

size_t IPAddress::printTo(Print& p) const
{
 80a079a:	b5f8      	push	{r3, r4, r5, r6, r7, lr}
 80a079c:	460e      	mov	r6, r1
 80a079e:	2400      	movs	r4, #0
 80a07a0:	f100 0708 	add.w	r7, r0, #8
 80a07a4:	1d05      	adds	r5, r0, #4
            val = n;
        }
#if __GNUC__ >= 9
#pragma GCC diagnostic pop
#endif // __GNUC__ >= 9
        return printNumber(val, base) + t;
 80a07a6:	f817 1d01 	ldrb.w	r1, [r7, #-1]!
 80a07aa:	220a      	movs	r2, #10
 80a07ac:	4630      	mov	r0, r6
 80a07ae:	f7ff fed9 	bl	80a0564 <_ZN5Print11printNumberEmh>
#else
#pragma message "HAL_USE_INET_HAL_POSIX is required for IPv6 support in IPAddress::printTo()"
#endif // HAL_USE_INET_HAL_POSIX
#endif // Wiring_IPv6
    size_t n = 0;
    for (int i = 0; i < 4; i++)
 80a07b2:	42af      	cmp	r7, r5
    {
        if (n)
            n += p.print('.');
        n += p.print((*this)[i], DEC);
 80a07b4:	4404      	add	r4, r0
    for (int i = 0; i < 4; i++)
 80a07b6:	d101      	bne.n	80a07bc <_ZNK9IPAddress7printToER5Print+0x22>
    }
    return n;
}
 80a07b8:	4620      	mov	r0, r4
 80a07ba:	bdf8      	pop	{r3, r4, r5, r6, r7, pc}
        if (n)
 80a07bc:	2c00      	cmp	r4, #0
 80a07be:	d0f2      	beq.n	80a07a6 <_ZNK9IPAddress7printToER5Print+0xc>
            n += p.print('.');
 80a07c0:	212e      	movs	r1, #46	; 0x2e
 80a07c2:	4630      	mov	r0, r6
 80a07c4:	f7ff feb5 	bl	80a0532 <_ZN5Print5printEc>
 80a07c8:	4404      	add	r4, r0
 80a07ca:	e7ec      	b.n	80a07a6 <_ZNK9IPAddress7printToER5Print+0xc>

080a07cc <_ZN9IPAddressC1Ev>:
IPAddress::IPAddress()
 80a07cc:	b510      	push	{r4, lr}
 80a07ce:	4604      	mov	r4, r0
 80a07d0:	4b04      	ldr	r3, [pc, #16]	; (80a07e4 <_ZN9IPAddressC1Ev+0x18>)
        return address;
    }

    virtual size_t printTo(Print& p) const;

    void clear() { memset(&address, 0, sizeof (address)); }
 80a07d2:	2211      	movs	r2, #17
 80a07d4:	2100      	movs	r1, #0
 80a07d6:	f840 3b04 	str.w	r3, [r0], #4
 80a07da:	f000 fa65 	bl	80a0ca8 <memset>
}
 80a07de:	4620      	mov	r0, r4
 80a07e0:	bd10      	pop	{r4, pc}
 80a07e2:	bf00      	nop
 80a07e4:	080a0e58 	.word	0x080a0e58

080a07e8 <_ZN9IPAddressC1ERK16_HAL_IPAddress_t>:
IPAddress::IPAddress(const HAL_IPAddress& address)
 80a07e8:	4603      	mov	r3, r0
 80a07ea:	4a07      	ldr	r2, [pc, #28]	; (80a0808 <_ZN9IPAddressC1ERK16_HAL_IPAddress_t+0x20>)
 80a07ec:	b510      	push	{r4, lr}
 80a07ee:	f843 2b04 	str.w	r2, [r3], #4
    memcpy(&this->address, &address, sizeof(address));
 80a07f2:	f101 0210 	add.w	r2, r1, #16
 80a07f6:	f851 4b04 	ldr.w	r4, [r1], #4
 80a07fa:	4291      	cmp	r1, r2
 80a07fc:	f843 4b04 	str.w	r4, [r3], #4
 80a0800:	d1f9      	bne.n	80a07f6 <_ZN9IPAddressC1ERK16_HAL_IPAddress_t+0xe>
 80a0802:	780a      	ldrb	r2, [r1, #0]
 80a0804:	701a      	strb	r2, [r3, #0]
}
 80a0806:	bd10      	pop	{r4, pc}
 80a0808:	080a0e58 	.word	0x080a0e58

080a080c <_ZN9IPAddressC1Em>:
IPAddress::IPAddress(uint32_t address)
 80a080c:	4a02      	ldr	r2, [pc, #8]	; (80a0818 <_ZN9IPAddressC1Em+0xc>)
    address.ipv4 = ipv4;
 80a080e:	e9c0 2100 	strd	r2, r1, [r0]
        address.v = version;
 80a0812:	2204      	movs	r2, #4
 80a0814:	7502      	strb	r2, [r0, #20]
}
 80a0816:	4770      	bx	lr
 80a0818:	080a0e58 	.word	0x080a0e58

080a081c <_ZN9IPAddress8set_ipv4Ehhhh>:
{
 80a081c:	b510      	push	{r4, lr}
    address.ipv4 = b0<<24 | b1 << 16 | b2 << 8 | b3;
 80a081e:	f89d 4008 	ldrb.w	r4, [sp, #8]
 80a0822:	ea44 2403 	orr.w	r4, r4, r3, lsl #8
 80a0826:	2304      	movs	r3, #4
 80a0828:	ea44 4402 	orr.w	r4, r4, r2, lsl #16
 80a082c:	ea44 6401 	orr.w	r4, r4, r1, lsl #24
 80a0830:	6044      	str	r4, [r0, #4]
 80a0832:	7503      	strb	r3, [r0, #20]
}
 80a0834:	bd10      	pop	{r4, pc}
	...

080a0838 <_ZN9IPAddressC1Ehhhh>:
IPAddress::IPAddress(uint8_t first_octet, uint8_t second_octet, uint8_t third_octet, uint8_t fourth_octet)
 80a0838:	b537      	push	{r0, r1, r2, r4, r5, lr}
 80a083a:	4d04      	ldr	r5, [pc, #16]	; (80a084c <_ZN9IPAddressC1Ehhhh+0x14>)
 80a083c:	6005      	str	r5, [r0, #0]
    set_ipv4(first_octet, second_octet, third_octet, fourth_octet);
 80a083e:	f89d 5018 	ldrb.w	r5, [sp, #24]
 80a0842:	9500      	str	r5, [sp, #0]
 80a0844:	f7ff ffea 	bl	80a081c <_ZN9IPAddress8set_ipv4Ehhhh>
}
 80a0848:	b003      	add	sp, #12
 80a084a:	bd30      	pop	{r4, r5, pc}
 80a084c:	080a0e58 	.word	0x080a0e58

080a0850 <_ZN9USBSerial14blockOnOverrunEb>:
  HAL_USB_USART_Flush_Data(_serial);
}

void USBSerial::blockOnOverrun(bool block)
{
  _blocking = block;
 80a0850:	7441      	strb	r1, [r0, #17]
}
 80a0852:	4770      	bx	lr

080a0854 <__tcf_0>:
}

USBSerial& _fetch_usbserial()
{
  HAL_USB_USART_Config conf = acquireSerialBuffer();
	static USBSerial _usbserial(HAL_USB_USART_SERIAL, conf);
 80a0854:	4770      	bx	lr

080a0856 <_ZN9USBSerialD1Ev>:
#include "usb_hal.h"
#include "system_task.h"
#include "spark_wiring_startup.h"
#include "concurrent_hal.h"

class USBSerial : public Stream
 80a0856:	4770      	bx	lr

080a0858 <_ZN9USBSerial4readEv>:
{
 80a0858:	b508      	push	{r3, lr}
	return std::max(-1, (int)HAL_USB_USART_Receive_Data(_serial, false));
 80a085a:	2100      	movs	r1, #0
 80a085c:	7c00      	ldrb	r0, [r0, #16]
 80a085e:	f7ff fcd7 	bl	80a0210 <HAL_USB_USART_Receive_Data>
}
 80a0862:	ea40 70e0 	orr.w	r0, r0, r0, asr #31
 80a0866:	bd08      	pop	{r3, pc}

080a0868 <_ZN9USBSerial4peekEv>:
{
 80a0868:	b508      	push	{r3, lr}
	return std::max(-1, (int)HAL_USB_USART_Receive_Data(_serial, true));
 80a086a:	2101      	movs	r1, #1
 80a086c:	7c00      	ldrb	r0, [r0, #16]
 80a086e:	f7ff fccf 	bl	80a0210 <HAL_USB_USART_Receive_Data>
}
 80a0872:	ea40 70e0 	orr.w	r0, r0, r0, asr #31
 80a0876:	bd08      	pop	{r3, pc}

080a0878 <_ZN9USBSerial17availableForWriteEv>:
{
 80a0878:	b508      	push	{r3, lr}
  return std::max(0, (int)HAL_USB_USART_Available_Data_For_Write(_serial));
 80a087a:	7c00      	ldrb	r0, [r0, #16]
 80a087c:	f7ff fcc0 	bl	80a0200 <HAL_USB_USART_Available_Data_For_Write>
}
 80a0880:	ea20 70e0 	bic.w	r0, r0, r0, asr #31
 80a0884:	bd08      	pop	{r3, pc}

080a0886 <_ZN9USBSerial9availableEv>:
{
 80a0886:	b508      	push	{r3, lr}
	return std::max(0, (int)HAL_USB_USART_Available_Data(_serial));
 80a0888:	7c00      	ldrb	r0, [r0, #16]
 80a088a:	f7ff fcb1 	bl	80a01f0 <HAL_USB_USART_Available_Data>
}
 80a088e:	ea20 70e0 	bic.w	r0, r0, r0, asr #31
 80a0892:	bd08      	pop	{r3, pc}

080a0894 <_ZN9USBSerial5writeEh>:
{
 80a0894:	b538      	push	{r3, r4, r5, lr}
 80a0896:	4604      	mov	r4, r0
  if (HAL_USB_USART_Available_Data_For_Write(_serial) > 0 || _blocking) {
 80a0898:	7c00      	ldrb	r0, [r0, #16]
{
 80a089a:	460d      	mov	r5, r1
  if (HAL_USB_USART_Available_Data_For_Write(_serial) > 0 || _blocking) {
 80a089c:	f7ff fcb0 	bl	80a0200 <HAL_USB_USART_Available_Data_For_Write>
 80a08a0:	2800      	cmp	r0, #0
 80a08a2:	dc01      	bgt.n	80a08a8 <_ZN9USBSerial5writeEh+0x14>
 80a08a4:	7c60      	ldrb	r0, [r4, #17]
 80a08a6:	b128      	cbz	r0, 80a08b4 <_ZN9USBSerial5writeEh+0x20>
    return std::max(0, (int)HAL_USB_USART_Send_Data(_serial, byte));
 80a08a8:	4629      	mov	r1, r5
 80a08aa:	7c20      	ldrb	r0, [r4, #16]
 80a08ac:	f7ff fcb8 	bl	80a0220 <HAL_USB_USART_Send_Data>
 80a08b0:	ea20 70e0 	bic.w	r0, r0, r0, asr #31
}
 80a08b4:	bd38      	pop	{r3, r4, r5, pc}

080a08b6 <_ZN9USBSerial5flushEv>:
  HAL_USB_USART_Flush_Data(_serial);
 80a08b6:	7c00      	ldrb	r0, [r0, #16]
 80a08b8:	f7ff bcba 	b.w	80a0230 <HAL_USB_USART_Flush_Data>

080a08bc <_ZN9USBSerialD0Ev>:
 80a08bc:	b510      	push	{r4, lr}
 80a08be:	4604      	mov	r4, r0
 80a08c0:	2114      	movs	r1, #20
 80a08c2:	f000 f9db 	bl	80a0c7c <_ZdlPvj>
 80a08c6:	4620      	mov	r0, r4
 80a08c8:	bd10      	pop	{r4, pc}

080a08ca <__tcf_1>:
 80a08ca:	4770      	bx	lr

080a08cc <_ZN9USBSerialC1E20HAL_USB_USART_SerialRK20HAL_USB_USART_Config>:
USBSerial::USBSerial(HAL_USB_USART_Serial serial, const HAL_USB_USART_Config& conf)
 80a08cc:	b510      	push	{r4, lr}
    virtual int available() = 0;
    virtual int read() = 0;
    virtual int peek() = 0;
    virtual void flush() = 0;

    Stream() {_timeout=1000;}
 80a08ce:	f44f 737a 	mov.w	r3, #1000	; 0x3e8
 80a08d2:	4604      	mov	r4, r0
 80a08d4:	4608      	mov	r0, r1
 80a08d6:	2100      	movs	r1, #0
 80a08d8:	e9c4 1301 	strd	r1, r3, [r4, #4]
 80a08dc:	4b04      	ldr	r3, [pc, #16]	; (80a08f0 <_ZN9USBSerialC1E20HAL_USB_USART_SerialRK20HAL_USB_USART_Config+0x24>)
  _serial = serial;
 80a08de:	7420      	strb	r0, [r4, #16]
USBSerial::USBSerial(HAL_USB_USART_Serial serial, const HAL_USB_USART_Config& conf)
 80a08e0:	6023      	str	r3, [r4, #0]
  _blocking = true;
 80a08e2:	2301      	movs	r3, #1
  HAL_USB_USART_Init(_serial, &conf);
 80a08e4:	4611      	mov	r1, r2
  _blocking = true;
 80a08e6:	7463      	strb	r3, [r4, #17]
  HAL_USB_USART_Init(_serial, &conf);
 80a08e8:	f7ff fc72 	bl	80a01d0 <HAL_USB_USART_Init>
}
 80a08ec:	4620      	mov	r0, r4
 80a08ee:	bd10      	pop	{r4, pc}
 80a08f0:	080a0e6c 	.word	0x080a0e6c

080a08f4 <_ZN9USBSerial5beginEl>:
    HAL_USB_USART_Begin(_serial, speed, NULL);
 80a08f4:	2200      	movs	r2, #0
 80a08f6:	7c00      	ldrb	r0, [r0, #16]
 80a08f8:	f7ff bc72 	b.w	80a01e0 <HAL_USB_USART_Begin>

080a08fc <_Z19acquireSerialBufferv>:
{
 80a08fc:	b510      	push	{r4, lr}
 80a08fe:	4604      	mov	r4, r0
  HAL_USB_USART_Config conf = {0};
 80a0900:	2214      	movs	r2, #20
 80a0902:	2100      	movs	r1, #0
 80a0904:	f000 f9d0 	bl	80a0ca8 <memset>
  conf.rx_buffer = serial_rx_buffer;
 80a0908:	4b05      	ldr	r3, [pc, #20]	; (80a0920 <_Z19acquireSerialBufferv+0x24>)
}
 80a090a:	4620      	mov	r0, r4
  conf.rx_buffer = serial_rx_buffer;
 80a090c:	6063      	str	r3, [r4, #4]
  conf.tx_buffer = serial_tx_buffer;
 80a090e:	4b05      	ldr	r3, [pc, #20]	; (80a0924 <_Z19acquireSerialBufferv+0x28>)
 80a0910:	60e3      	str	r3, [r4, #12]
  conf.rx_buffer_size = USB_RX_BUFFER_SIZE;
 80a0912:	f240 1301 	movw	r3, #257	; 0x101
 80a0916:	8123      	strh	r3, [r4, #8]
  conf.tx_buffer_size = USB_TX_BUFFER_SIZE;
 80a0918:	2381      	movs	r3, #129	; 0x81
 80a091a:	8223      	strh	r3, [r4, #16]
}
 80a091c:	bd10      	pop	{r4, pc}
 80a091e:	bf00      	nop
 80a0920:	200000d0 	.word	0x200000d0
 80a0924:	200001d1 	.word	0x200001d1

080a0928 <_Z16_fetch_usbserialv>:
{
 80a0928:	b530      	push	{r4, r5, lr}
	static USBSerial _usbserial(HAL_USB_USART_SERIAL, conf);
 80a092a:	4d0e      	ldr	r5, [pc, #56]	; (80a0964 <_Z16_fetch_usbserialv+0x3c>)
{
 80a092c:	b087      	sub	sp, #28
  HAL_USB_USART_Config conf = acquireSerialBuffer();
 80a092e:	a801      	add	r0, sp, #4
 80a0930:	f7ff ffe4 	bl	80a08fc <_Z19acquireSerialBufferv>
	static USBSerial _usbserial(HAL_USB_USART_SERIAL, conf);
 80a0934:	7829      	ldrb	r1, [r5, #0]
 80a0936:	f3bf 8f5b 	dmb	ish
 80a093a:	f011 0401 	ands.w	r4, r1, #1
 80a093e:	d10e      	bne.n	80a095e <_Z16_fetch_usbserialv+0x36>
 80a0940:	4628      	mov	r0, r5
 80a0942:	f7ff fbaa 	bl	80a009a <__cxa_guard_acquire>
 80a0946:	b150      	cbz	r0, 80a095e <_Z16_fetch_usbserialv+0x36>
 80a0948:	4621      	mov	r1, r4
 80a094a:	aa01      	add	r2, sp, #4
 80a094c:	4806      	ldr	r0, [pc, #24]	; (80a0968 <_Z16_fetch_usbserialv+0x40>)
 80a094e:	f7ff ffbd 	bl	80a08cc <_ZN9USBSerialC1E20HAL_USB_USART_SerialRK20HAL_USB_USART_Config>
 80a0952:	4628      	mov	r0, r5
 80a0954:	f7ff fba6 	bl	80a00a4 <__cxa_guard_release>
 80a0958:	4804      	ldr	r0, [pc, #16]	; (80a096c <_Z16_fetch_usbserialv+0x44>)
 80a095a:	f000 f991 	bl	80a0c80 <atexit>
	return _usbserial;
}
 80a095e:	4802      	ldr	r0, [pc, #8]	; (80a0968 <_Z16_fetch_usbserialv+0x40>)
 80a0960:	b007      	add	sp, #28
 80a0962:	bd30      	pop	{r4, r5, pc}
 80a0964:	200000a0 	.word	0x200000a0
 80a0968:	200000a8 	.word	0x200000a8
 80a096c:	080a0855 	.word	0x080a0855

080a0970 <_Z23acquireUSBSerial1Bufferv>:

#if Wiring_USBSerial1

HAL_USB_USART_Config __attribute__((weak)) acquireUSBSerial1Buffer()
{
 80a0970:	b510      	push	{r4, lr}
 80a0972:	4604      	mov	r4, r0
  HAL_USB_USART_Config conf = {0};
 80a0974:	2214      	movs	r2, #20
 80a0976:	2100      	movs	r1, #0
 80a0978:	f000 f996 	bl	80a0ca8 <memset>

#if defined(USB_SERIAL_USERSPACE_BUFFERS) && ((MODULE_FUNCTION == MOD_FUNC_USER_PART) || (MODULE_FUNCTION == MOD_FUNC_MONO_FIRMWARE))
  static uint8_t usbserial1_rx_buffer[USB_RX_BUFFER_SIZE];
  static uint8_t usbserial1_tx_buffer[USB_TX_BUFFER_SIZE];

  conf.rx_buffer = usbserial1_rx_buffer;
 80a097c:	4b05      	ldr	r3, [pc, #20]	; (80a0994 <_Z23acquireUSBSerial1Bufferv+0x24>)
  conf.rx_buffer_size = USB_RX_BUFFER_SIZE;
  conf.tx_buffer_size = USB_TX_BUFFER_SIZE;
#endif

  return conf;
}
 80a097e:	4620      	mov	r0, r4
  conf.rx_buffer = usbserial1_rx_buffer;
 80a0980:	6063      	str	r3, [r4, #4]
  conf.tx_buffer = usbserial1_tx_buffer;
 80a0982:	4b05      	ldr	r3, [pc, #20]	; (80a0998 <_Z23acquireUSBSerial1Bufferv+0x28>)
 80a0984:	60e3      	str	r3, [r4, #12]
  conf.rx_buffer_size = USB_RX_BUFFER_SIZE;
 80a0986:	f240 1301 	movw	r3, #257	; 0x101
 80a098a:	8123      	strh	r3, [r4, #8]
  conf.tx_buffer_size = USB_TX_BUFFER_SIZE;
 80a098c:	2381      	movs	r3, #129	; 0x81
 80a098e:	8223      	strh	r3, [r4, #16]
}
 80a0990:	bd10      	pop	{r4, pc}
 80a0992:	bf00      	nop
 80a0994:	20000252 	.word	0x20000252
 80a0998:	20000353 	.word	0x20000353

080a099c <_Z17_fetch_usbserial1v>:

USBSerial& _fetch_usbserial1()
{
 80a099c:	b510      	push	{r4, lr}
  HAL_USB_USART_Config conf = acquireUSBSerial1Buffer();
  static USBSerial _usbserial1(HAL_USB_USART_SERIAL1, conf);
 80a099e:	4c0e      	ldr	r4, [pc, #56]	; (80a09d8 <_Z17_fetch_usbserial1v+0x3c>)
{
 80a09a0:	b086      	sub	sp, #24
  HAL_USB_USART_Config conf = acquireUSBSerial1Buffer();
 80a09a2:	a801      	add	r0, sp, #4
 80a09a4:	f7ff ffe4 	bl	80a0970 <_Z23acquireUSBSerial1Bufferv>
  static USBSerial _usbserial1(HAL_USB_USART_SERIAL1, conf);
 80a09a8:	7823      	ldrb	r3, [r4, #0]
 80a09aa:	f3bf 8f5b 	dmb	ish
 80a09ae:	07db      	lsls	r3, r3, #31
 80a09b0:	d40e      	bmi.n	80a09d0 <_Z17_fetch_usbserial1v+0x34>
 80a09b2:	4620      	mov	r0, r4
 80a09b4:	f7ff fb71 	bl	80a009a <__cxa_guard_acquire>
 80a09b8:	b150      	cbz	r0, 80a09d0 <_Z17_fetch_usbserial1v+0x34>
 80a09ba:	2101      	movs	r1, #1
 80a09bc:	aa01      	add	r2, sp, #4
 80a09be:	4807      	ldr	r0, [pc, #28]	; (80a09dc <_Z17_fetch_usbserial1v+0x40>)
 80a09c0:	f7ff ff84 	bl	80a08cc <_ZN9USBSerialC1E20HAL_USB_USART_SerialRK20HAL_USB_USART_Config>
 80a09c4:	4620      	mov	r0, r4
 80a09c6:	f7ff fb6d 	bl	80a00a4 <__cxa_guard_release>
 80a09ca:	4805      	ldr	r0, [pc, #20]	; (80a09e0 <_Z17_fetch_usbserial1v+0x44>)
 80a09cc:	f000 f958 	bl	80a0c80 <atexit>
  return _usbserial1;
}
 80a09d0:	4802      	ldr	r0, [pc, #8]	; (80a09dc <_Z17_fetch_usbserial1v+0x40>)
 80a09d2:	b006      	add	sp, #24
 80a09d4:	bd10      	pop	{r4, pc}
 80a09d6:	bf00      	nop
 80a09d8:	200000a4 	.word	0x200000a4
 80a09dc:	200000bc 	.word	0x200000bc
 80a09e0:	080a08cb 	.word	0x080a08cb

080a09e4 <_ZN11USARTSerialD1Ev>:
private:
  hal_usart_interface_t _serial;
  bool _blocking;
public:
  USARTSerial(hal_usart_interface_t serial, hal_usart_ring_buffer_t *rx_buffer, hal_usart_ring_buffer_t *tx_buffer);
  virtual ~USARTSerial() {};
 80a09e4:	4770      	bx	lr

080a09e6 <_ZN11USARTSerial14blockOnOverrunEb>:
    hal_usart_half_duplex(_serial, Enable);
}

void USARTSerial::blockOnOverrun(bool block)
{
  _blocking = block;
 80a09e6:	7441      	strb	r1, [r0, #17]
}
 80a09e8:	4770      	bx	lr

080a09ea <__tcf_0>:
#endif

USARTSerial& __fetch_global_Serial1()
{
#if ((MODULE_FUNCTION == MOD_FUNC_USER_PART) || (MODULE_FUNCTION == MOD_FUNC_MONO_FIRMWARE))
	static USARTSerial serial1(HAL_USART_SERIAL1, &serial1_rx_buffer, &serial1_tx_buffer);
 80a09ea:	4770      	bx	lr

080a09ec <_ZN11USARTSerial17availableForWriteEv>:
{
 80a09ec:	b508      	push	{r3, lr}
  return std::max(0, (int)hal_usart_available_data_for_write(_serial));
 80a09ee:	7c00      	ldrb	r0, [r0, #16]
 80a09f0:	f7ff fbe6 	bl	80a01c0 <hal_usart_available_data_for_write>
}
 80a09f4:	ea20 70e0 	bic.w	r0, r0, r0, asr #31
 80a09f8:	bd08      	pop	{r3, pc}

080a09fa <_ZN11USARTSerial9availableEv>:
{
 80a09fa:	b508      	push	{r3, lr}
  return std::max(0, (int)hal_usart_available(_serial));
 80a09fc:	7c00      	ldrb	r0, [r0, #16]
 80a09fe:	f7ff fbbf 	bl	80a0180 <hal_usart_available>
}
 80a0a02:	ea20 70e0 	bic.w	r0, r0, r0, asr #31
 80a0a06:	bd08      	pop	{r3, pc}

080a0a08 <_ZN11USARTSerial4peekEv>:
{
 80a0a08:	b508      	push	{r3, lr}
  return std::max(-1, (int)hal_usart_peek(_serial));
 80a0a0a:	7c00      	ldrb	r0, [r0, #16]
 80a0a0c:	f7ff fbc8 	bl	80a01a0 <hal_usart_peek>
}
 80a0a10:	ea40 70e0 	orr.w	r0, r0, r0, asr #31
 80a0a14:	bd08      	pop	{r3, pc}

080a0a16 <_ZN11USARTSerial4readEv>:
{
 80a0a16:	b508      	push	{r3, lr}
  return std::max(-1, (int)hal_usart_read(_serial));
 80a0a18:	7c00      	ldrb	r0, [r0, #16]
 80a0a1a:	f7ff fbb9 	bl	80a0190 <hal_usart_read>
}
 80a0a1e:	ea40 70e0 	orr.w	r0, r0, r0, asr #31
 80a0a22:	bd08      	pop	{r3, pc}

080a0a24 <_ZN11USARTSerial5flushEv>:
  hal_usart_flush(_serial);
 80a0a24:	7c00      	ldrb	r0, [r0, #16]
 80a0a26:	f7ff bbc3 	b.w	80a01b0 <hal_usart_flush>

080a0a2a <_ZN11USARTSerial5writeEh>:
{
 80a0a2a:	b570      	push	{r4, r5, r6, lr}
  if (_blocking || hal_usart_available_data_for_write(_serial) > 0) {
 80a0a2c:	7c46      	ldrb	r6, [r0, #17]
{
 80a0a2e:	4604      	mov	r4, r0
 80a0a30:	460d      	mov	r5, r1
  if (_blocking || hal_usart_available_data_for_write(_serial) > 0) {
 80a0a32:	b12e      	cbz	r6, 80a0a40 <_ZN11USARTSerial5writeEh+0x16>
	  return hal_usart_write(_serial, c);
 80a0a34:	4629      	mov	r1, r5
 80a0a36:	7c20      	ldrb	r0, [r4, #16]
}
 80a0a38:	e8bd 4070 	ldmia.w	sp!, {r4, r5, r6, lr}
	  return hal_usart_write(_serial, c);
 80a0a3c:	f7ff bb98 	b.w	80a0170 <hal_usart_write>
  if (_blocking || hal_usart_available_data_for_write(_serial) > 0) {
 80a0a40:	7c00      	ldrb	r0, [r0, #16]
 80a0a42:	f7ff fbbd 	bl	80a01c0 <hal_usart_available_data_for_write>
 80a0a46:	2800      	cmp	r0, #0
 80a0a48:	dcf4      	bgt.n	80a0a34 <_ZN11USARTSerial5writeEh+0xa>
}
 80a0a4a:	4630      	mov	r0, r6
 80a0a4c:	bd70      	pop	{r4, r5, r6, pc}

080a0a4e <_ZN11USARTSerialD0Ev>:
 80a0a4e:	b510      	push	{r4, lr}
 80a0a50:	4604      	mov	r4, r0
 80a0a52:	2114      	movs	r1, #20
 80a0a54:	f000 f912 	bl	80a0c7c <_ZdlPvj>
 80a0a58:	4620      	mov	r0, r4
 80a0a5a:	bd10      	pop	{r4, pc}

080a0a5c <_ZN11USARTSerialC1E21hal_usart_interface_tP23hal_usart_ring_buffer_tS2_>:
 80a0a5c:	f04f 0c00 	mov.w	ip, #0
USARTSerial::USARTSerial(hal_usart_interface_t serial, hal_usart_ring_buffer_t *rx_buffer, hal_usart_ring_buffer_t *tx_buffer)
 80a0a60:	b510      	push	{r4, lr}
 80a0a62:	4604      	mov	r4, r0
 80a0a64:	4608      	mov	r0, r1
 80a0a66:	4611      	mov	r1, r2
 80a0a68:	f44f 727a 	mov.w	r2, #1000	; 0x3e8
 80a0a6c:	e9c4 c201 	strd	ip, r2, [r4, #4]
 80a0a70:	4a04      	ldr	r2, [pc, #16]	; (80a0a84 <_ZN11USARTSerialC1E21hal_usart_interface_tP23hal_usart_ring_buffer_tS2_+0x28>)
  _serial = serial;
 80a0a72:	7420      	strb	r0, [r4, #16]
USARTSerial::USARTSerial(hal_usart_interface_t serial, hal_usart_ring_buffer_t *rx_buffer, hal_usart_ring_buffer_t *tx_buffer)
 80a0a74:	6022      	str	r2, [r4, #0]
  _blocking = true;
 80a0a76:	2201      	movs	r2, #1
 80a0a78:	7462      	strb	r2, [r4, #17]
  hal_usart_init(serial, rx_buffer, tx_buffer);
 80a0a7a:	461a      	mov	r2, r3
 80a0a7c:	f7ff fb70 	bl	80a0160 <hal_usart_init>
}
 80a0a80:	4620      	mov	r0, r4
 80a0a82:	bd10      	pop	{r4, pc}
 80a0a84:	080a0e9c 	.word	0x080a0e9c

080a0a88 <_Z22__fetch_global_Serial1v>:
{
 80a0a88:	b538      	push	{r3, r4, r5, lr}
	static USARTSerial serial1(HAL_USART_SERIAL1, &serial1_rx_buffer, &serial1_tx_buffer);
 80a0a8a:	4d0c      	ldr	r5, [pc, #48]	; (80a0abc <_Z22__fetch_global_Serial1v+0x34>)
 80a0a8c:	7829      	ldrb	r1, [r5, #0]
 80a0a8e:	f3bf 8f5b 	dmb	ish
 80a0a92:	f011 0401 	ands.w	r4, r1, #1
 80a0a96:	d10f      	bne.n	80a0ab8 <_Z22__fetch_global_Serial1v+0x30>
 80a0a98:	4628      	mov	r0, r5
 80a0a9a:	f7ff fafe 	bl	80a009a <__cxa_guard_acquire>
 80a0a9e:	b158      	cbz	r0, 80a0ab8 <_Z22__fetch_global_Serial1v+0x30>
 80a0aa0:	4621      	mov	r1, r4
 80a0aa2:	4b07      	ldr	r3, [pc, #28]	; (80a0ac0 <_Z22__fetch_global_Serial1v+0x38>)
 80a0aa4:	4a07      	ldr	r2, [pc, #28]	; (80a0ac4 <_Z22__fetch_global_Serial1v+0x3c>)
 80a0aa6:	4808      	ldr	r0, [pc, #32]	; (80a0ac8 <_Z22__fetch_global_Serial1v+0x40>)
 80a0aa8:	f7ff ffd8 	bl	80a0a5c <_ZN11USARTSerialC1E21hal_usart_interface_tP23hal_usart_ring_buffer_tS2_>
 80a0aac:	4628      	mov	r0, r5
 80a0aae:	f7ff faf9 	bl	80a00a4 <__cxa_guard_release>
 80a0ab2:	4806      	ldr	r0, [pc, #24]	; (80a0acc <_Z22__fetch_global_Serial1v+0x44>)
 80a0ab4:	f000 f8e4 	bl	80a0c80 <atexit>
    serial1_tx_buffer = new hal_usart_ring_buffer_t();
  }
  static USARTSerial serial1(HAL_USART_SERIAL1, serial1_rx_buffer, serial1_tx_buffer);
#endif
	return serial1;
}
 80a0ab8:	4803      	ldr	r0, [pc, #12]	; (80a0ac8 <_Z22__fetch_global_Serial1v+0x40>)
 80a0aba:	bd38      	pop	{r3, r4, r5, pc}
 80a0abc:	200003d4 	.word	0x200003d4
 80a0ac0:	2000045c 	.word	0x2000045c
 80a0ac4:	200003d8 	.word	0x200003d8
 80a0ac8:	200004e0 	.word	0x200004e0
 80a0acc:	080a09eb 	.word	0x080a09eb

080a0ad0 <_ZN5spark9WiFiClass5readyEv>:
        return network_ready(*this, 0, NULL);
 80a0ad0:	2200      	movs	r2, #0
 80a0ad2:	6840      	ldr	r0, [r0, #4]
 80a0ad4:	4611      	mov	r1, r2
 80a0ad6:	f7ff bbef 	b.w	80a02b8 <network_ready>

080a0ada <_ZN5spark9WiFiClass7resolveEPKc>:
    WLanSelectAntenna_TypeDef getAntenna() {
        return wlan_get_antenna(nullptr);
    }

#if !HAL_USE_INET_HAL_POSIX
    IPAddress resolve(const char* name)
 80a0ada:	b5f0      	push	{r4, r5, r6, r7, lr}
 80a0adc:	4615      	mov	r5, r2
 80a0ade:	b089      	sub	sp, #36	; 0x24
    {
        HAL_IPAddress ip = {};
 80a0ae0:	2211      	movs	r2, #17
    IPAddress resolve(const char* name)
 80a0ae2:	460e      	mov	r6, r1
 80a0ae4:	4604      	mov	r4, r0
        HAL_IPAddress ip = {};
 80a0ae6:	2100      	movs	r1, #0
 80a0ae8:	a803      	add	r0, sp, #12
 80a0aea:	f000 f8dd 	bl	80a0ca8 <memset>
        return (inet_gethostbyname(name, strlen(name), &ip, *this, NULL) != 0) ?
 80a0aee:	4628      	mov	r0, r5
 80a0af0:	f000 f910 	bl	80a0d14 <strlen>
 80a0af4:	2700      	movs	r7, #0
 80a0af6:	b281      	uxth	r1, r0
 80a0af8:	6873      	ldr	r3, [r6, #4]
 80a0afa:	4628      	mov	r0, r5
 80a0afc:	9700      	str	r7, [sp, #0]
 80a0afe:	aa03      	add	r2, sp, #12
 80a0b00:	f7ff fb9e 	bl	80a0240 <inet_gethostbyname>
                IPAddress(uint32_t(0)) : IPAddress(ip);
 80a0b04:	b130      	cbz	r0, 80a0b14 <_ZN5spark9WiFiClass7resolveEPKc+0x3a>
 80a0b06:	4639      	mov	r1, r7
 80a0b08:	4620      	mov	r0, r4
 80a0b0a:	f7ff fe7f 	bl	80a080c <_ZN9IPAddressC1Em>
    }
 80a0b0e:	4620      	mov	r0, r4
 80a0b10:	b009      	add	sp, #36	; 0x24
 80a0b12:	bdf0      	pop	{r4, r5, r6, r7, pc}
                IPAddress(uint32_t(0)) : IPAddress(ip);
 80a0b14:	4620      	mov	r0, r4
 80a0b16:	a903      	add	r1, sp, #12
 80a0b18:	f7ff fe66 	bl	80a07e8 <_ZN9IPAddressC1ERK16_HAL_IPAddress_t>
 80a0b1c:	e7f7      	b.n	80a0b0e <_ZN5spark9WiFiClass7resolveEPKc+0x34>

080a0b1e <_ZN5spark9WiFiClass9listeningEv>:
        return network_listening(*this, 0, NULL);
 80a0b1e:	2200      	movs	r2, #0
 80a0b20:	6840      	ldr	r0, [r0, #4]
 80a0b22:	4611      	mov	r1, r2
 80a0b24:	f7ff bbe8 	b.w	80a02f8 <network_listening>

080a0b28 <_ZN5spark9WiFiClass16getListenTimeoutEv>:
        return network_get_listen_timeout(*this, 0, NULL);
 80a0b28:	2200      	movs	r2, #0
 80a0b2a:	6840      	ldr	r0, [r0, #4]
 80a0b2c:	4611      	mov	r1, r2
 80a0b2e:	f7ff bbf3 	b.w	80a0318 <network_get_listen_timeout>

080a0b32 <_ZN5spark9WiFiClass16setListenTimeoutEt>:
        network_set_listen_timeout(*this, timeout, NULL);
 80a0b32:	2200      	movs	r2, #0
 80a0b34:	6840      	ldr	r0, [r0, #4]
 80a0b36:	f7ff bbe7 	b.w	80a0308 <network_set_listen_timeout>

080a0b3a <_ZN5spark9WiFiClass6listenEb>:
        network_listen(*this, begin ? 0 : 1, NULL);
 80a0b3a:	2200      	movs	r2, #0
 80a0b3c:	6840      	ldr	r0, [r0, #4]
 80a0b3e:	f081 0101 	eor.w	r1, r1, #1
 80a0b42:	f7ff bbd1 	b.w	80a02e8 <network_listen>

080a0b46 <_ZN5spark9WiFiClass3offEv>:
        network_off(*this, 0, 0, NULL);
 80a0b46:	2300      	movs	r3, #0
 80a0b48:	6840      	ldr	r0, [r0, #4]
 80a0b4a:	461a      	mov	r2, r3
 80a0b4c:	4619      	mov	r1, r3
 80a0b4e:	f7ff bbc3 	b.w	80a02d8 <network_off>

080a0b52 <_ZN5spark9WiFiClass10connectingEv>:
        return network_connecting(*this, 0, NULL);
 80a0b52:	2200      	movs	r2, #0
 80a0b54:	6840      	ldr	r0, [r0, #4]
 80a0b56:	4611      	mov	r1, r2
 80a0b58:	f7ff bb9e 	b.w	80a0298 <network_connecting>

080a0b5c <_ZN5spark9WiFiClass10disconnectEv>:
        network_disconnect(*this, NETWORK_DISCONNECT_REASON_USER, NULL);
 80a0b5c:	2200      	movs	r2, #0
 80a0b5e:	2102      	movs	r1, #2
 80a0b60:	6840      	ldr	r0, [r0, #4]
 80a0b62:	f7ff bba1 	b.w	80a02a8 <network_disconnect>

080a0b66 <_ZN5spark9WiFiClass7connectEj>:
        network_connect(*this, flags, 0, NULL);
 80a0b66:	2300      	movs	r3, #0
 80a0b68:	6840      	ldr	r0, [r0, #4]
 80a0b6a:	461a      	mov	r2, r3
 80a0b6c:	f7ff bb8c 	b.w	80a0288 <network_connect>

080a0b70 <_GLOBAL__sub_I__ZN10WiFiSignalC2ERK21wlan_connected_info_t>:
    static NetworkClass& from(network_interface_t nif);

    virtual IPAddress resolve(const char* name);

    explicit NetworkClass(network_interface_t iface)
            : iface_(iface) {
 80a0b70:	2204      	movs	r2, #4
 80a0b72:	4b02      	ldr	r3, [pc, #8]	; (80a0b7c <_GLOBAL__sub_I__ZN10WiFiSignalC2ERK21wlan_connected_info_t+0xc>)
 80a0b74:	605a      	str	r2, [r3, #4]
            NetworkClass(NETWORK_INTERFACE_WIFI_STA) {
 80a0b76:	4a02      	ldr	r2, [pc, #8]	; (80a0b80 <_GLOBAL__sub_I__ZN10WiFiSignalC2ERK21wlan_connected_info_t+0x10>)
 80a0b78:	601a      	str	r2, [r3, #0]
the same way.
*****************************************************************************/

    WiFiClass WiFi;
    // NetworkClass& Network = WiFi;
}
 80a0b7a:	4770      	bx	lr
 80a0b7c:	200004f4 	.word	0x200004f4
 80a0b80:	080a0ecc 	.word	0x080a0ecc

080a0b84 <_ZN5spark12NetworkClass7connectEj>:
        return Network;
    }
}

void NetworkClass::connect(unsigned flags) {
    network_connect(*this, flags, 0, nullptr);
 80a0b84:	2300      	movs	r3, #0
 80a0b86:	6840      	ldr	r0, [r0, #4]
 80a0b88:	461a      	mov	r2, r3
 80a0b8a:	f7ff bb7d 	b.w	80a0288 <network_connect>

080a0b8e <_ZN5spark12NetworkClass10disconnectEv>:
}

void NetworkClass::disconnect() {
    network_disconnect(*this, NETWORK_DISCONNECT_REASON_USER, nullptr);
 80a0b8e:	2200      	movs	r2, #0
 80a0b90:	2102      	movs	r1, #2
 80a0b92:	6840      	ldr	r0, [r0, #4]
 80a0b94:	f7ff bb88 	b.w	80a02a8 <network_disconnect>

080a0b98 <_ZN5spark12NetworkClass10connectingEv>:
}

bool NetworkClass::connecting() {
    return network_connecting(*this, 0, nullptr);
 80a0b98:	2200      	movs	r2, #0
 80a0b9a:	6840      	ldr	r0, [r0, #4]
 80a0b9c:	4611      	mov	r1, r2
 80a0b9e:	f7ff bb7b 	b.w	80a0298 <network_connecting>

080a0ba2 <_ZN5spark12NetworkClass5readyEv>:
}

bool NetworkClass::ready() {
    return network_ready(*this, 0, nullptr);
 80a0ba2:	2200      	movs	r2, #0
 80a0ba4:	6840      	ldr	r0, [r0, #4]
 80a0ba6:	4611      	mov	r1, r2
 80a0ba8:	f7ff bb86 	b.w	80a02b8 <network_ready>

080a0bac <_ZN5spark12NetworkClass2onEv>:
}

void NetworkClass::on() {
    network_on(*this, 0, 0, nullptr);
 80a0bac:	2300      	movs	r3, #0
 80a0bae:	6840      	ldr	r0, [r0, #4]
 80a0bb0:	461a      	mov	r2, r3
 80a0bb2:	4619      	mov	r1, r3
 80a0bb4:	f7ff bb88 	b.w	80a02c8 <network_on>

080a0bb8 <_ZN5spark12NetworkClass3offEv>:
}

void NetworkClass::off() {
    network_off(*this, 0, 0, nullptr);
 80a0bb8:	2300      	movs	r3, #0
 80a0bba:	6840      	ldr	r0, [r0, #4]
 80a0bbc:	461a      	mov	r2, r3
 80a0bbe:	4619      	mov	r1, r3
 80a0bc0:	f7ff bb8a 	b.w	80a02d8 <network_off>

080a0bc4 <_ZN5spark12NetworkClass4isOnEv>:
}

bool NetworkClass::isOn() {
    return network_is_on(*this, nullptr);
 80a0bc4:	2100      	movs	r1, #0
 80a0bc6:	6840      	ldr	r0, [r0, #4]
 80a0bc8:	f7ff bbae 	b.w	80a0328 <network_is_on>

080a0bcc <_ZN5spark12NetworkClass5isOffEv>:
}

bool NetworkClass::isOff() {
    return network_is_off(*this, nullptr);
 80a0bcc:	2100      	movs	r1, #0
 80a0bce:	6840      	ldr	r0, [r0, #4]
 80a0bd0:	f7ff bbb2 	b.w	80a0338 <network_is_off>

080a0bd4 <_ZN5spark12NetworkClass6listenEb>:
}

void NetworkClass::listen(bool begin) {
    network_listen(*this, begin ? 0 : 1, nullptr);
 80a0bd4:	2200      	movs	r2, #0
 80a0bd6:	6840      	ldr	r0, [r0, #4]
 80a0bd8:	f081 0101 	eor.w	r1, r1, #1
 80a0bdc:	f7ff bb84 	b.w	80a02e8 <network_listen>

080a0be0 <_ZN5spark12NetworkClass16setListenTimeoutEt>:
}

void NetworkClass::setListenTimeout(uint16_t timeout) {
    network_set_listen_timeout(*this, timeout, nullptr);
 80a0be0:	2200      	movs	r2, #0
 80a0be2:	6840      	ldr	r0, [r0, #4]
 80a0be4:	f7ff bb90 	b.w	80a0308 <network_set_listen_timeout>

080a0be8 <_ZN5spark12NetworkClass16getListenTimeoutEv>:
}

uint16_t NetworkClass::getListenTimeout() {
    return network_get_listen_timeout(*this, 0, nullptr);
 80a0be8:	2200      	movs	r2, #0
 80a0bea:	6840      	ldr	r0, [r0, #4]
 80a0bec:	4611      	mov	r1, r2
 80a0bee:	f7ff bb93 	b.w	80a0318 <network_get_listen_timeout>

080a0bf2 <_ZN5spark12NetworkClass9listeningEv>:
}

bool NetworkClass::listening() {
    return network_listening(*this, 0, nullptr);
 80a0bf2:	2200      	movs	r2, #0
 80a0bf4:	6840      	ldr	r0, [r0, #4]
 80a0bf6:	4611      	mov	r1, r2
 80a0bf8:	f7ff bb7e 	b.w	80a02f8 <network_listening>

080a0bfc <_ZN5spark12NetworkClass7resolveEPKc>:
}

IPAddress NetworkClass::resolve(const char* name) {
 80a0bfc:	b570      	push	{r4, r5, r6, lr}
 80a0bfe:	4615      	mov	r5, r2
 80a0c00:	b08e      	sub	sp, #56	; 0x38
 80a0c02:	4604      	mov	r4, r0
    IPAddress addr;
 80a0c04:	a808      	add	r0, sp, #32
 80a0c06:	f7ff fde1 	bl	80a07cc <_ZN9IPAddressC1Ev>
        HAL_IPAddress ip = {};
 80a0c0a:	2211      	movs	r2, #17
 80a0c0c:	2100      	movs	r1, #0
 80a0c0e:	a803      	add	r0, sp, #12
 80a0c10:	f000 f84a 	bl	80a0ca8 <memset>
        return (inet_gethostbyname(name, strlen(name), &ip, *this, NULL) != 0) ?
 80a0c14:	2600      	movs	r6, #0
 80a0c16:	4628      	mov	r0, r5
 80a0c18:	f000 f87c 	bl	80a0d14 <strlen>
 80a0c1c:	4b0a      	ldr	r3, [pc, #40]	; (80a0c48 <_ZN5spark12NetworkClass7resolveEPKc+0x4c>)
 80a0c1e:	9600      	str	r6, [sp, #0]
 80a0c20:	b281      	uxth	r1, r0
 80a0c22:	685b      	ldr	r3, [r3, #4]
 80a0c24:	4628      	mov	r0, r5
 80a0c26:	aa03      	add	r2, sp, #12
 80a0c28:	f7ff fb0a 	bl	80a0240 <inet_gethostbyname>
                IPAddress(uint32_t(0)) : IPAddress(ip);
 80a0c2c:	b130      	cbz	r0, 80a0c3c <_ZN5spark12NetworkClass7resolveEPKc+0x40>
 80a0c2e:	4631      	mov	r1, r6
 80a0c30:	4620      	mov	r0, r4
 80a0c32:	f7ff fdeb 	bl	80a080c <_ZN9IPAddressC1Em>
    return Cellular.resolve(name);
#endif // Wiring_Cellular

#endif // HAL_USE_INET_HAL_POSIX
    return addr;
}
 80a0c36:	4620      	mov	r0, r4
 80a0c38:	b00e      	add	sp, #56	; 0x38
 80a0c3a:	bd70      	pop	{r4, r5, r6, pc}
 80a0c3c:	4620      	mov	r0, r4
 80a0c3e:	a903      	add	r1, sp, #12
 80a0c40:	f7ff fdd2 	bl	80a07e8 <_ZN9IPAddressC1ERK16_HAL_IPAddress_t>
    virtual ~IPAddress() {}
 80a0c44:	e7f7      	b.n	80a0c36 <_ZN5spark12NetworkClass7resolveEPKc+0x3a>
 80a0c46:	bf00      	nop
 80a0c48:	200004f4 	.word	0x200004f4

080a0c4c <_GLOBAL__sub_I__ZN5spark7NetworkE>:
 80a0c4c:	4b02      	ldr	r3, [pc, #8]	; (80a0c58 <_GLOBAL__sub_I__ZN5spark7NetworkE+0xc>)
 80a0c4e:	4a03      	ldr	r2, [pc, #12]	; (80a0c5c <_GLOBAL__sub_I__ZN5spark7NetworkE+0x10>)
 80a0c50:	601a      	str	r2, [r3, #0]
 80a0c52:	2200      	movs	r2, #0
 80a0c54:	605a      	str	r2, [r3, #4]

} // spark
 80a0c56:	4770      	bx	lr
 80a0c58:	200004fc 	.word	0x200004fc
 80a0c5c:	080a0f08 	.word	0x080a0f08

080a0c60 <_GLOBAL__sub_I_INADDR_NONE>:
#include "spark_wiring_ipaddress.h"

#if !HAL_USE_SOCKET_HAL_POSIX
const IPAddress INADDR_NONE(0, 0, 0, 0);
 80a0c60:	2300      	movs	r3, #0
 80a0c62:	b507      	push	{r0, r1, r2, lr}
 80a0c64:	461a      	mov	r2, r3
 80a0c66:	4619      	mov	r1, r3
 80a0c68:	9300      	str	r3, [sp, #0]
 80a0c6a:	4803      	ldr	r0, [pc, #12]	; (80a0c78 <_GLOBAL__sub_I_INADDR_NONE+0x18>)
 80a0c6c:	f7ff fde4 	bl	80a0838 <_ZN9IPAddressC1Ehhhh>
 80a0c70:	b003      	add	sp, #12
 80a0c72:	f85d fb04 	ldr.w	pc, [sp], #4
 80a0c76:	bf00      	nop
 80a0c78:	20000508 	.word	0x20000508

080a0c7c <_ZdlPvj>:
 80a0c7c:	f7ff ba0b 	b.w	80a0096 <_ZdlPv>

080a0c80 <atexit>:
 80a0c80:	2300      	movs	r3, #0
 80a0c82:	4601      	mov	r1, r0
 80a0c84:	461a      	mov	r2, r3
 80a0c86:	4618      	mov	r0, r3
 80a0c88:	f000 b84c 	b.w	80a0d24 <__register_exitproc>

080a0c8c <memcpy>:
 80a0c8c:	440a      	add	r2, r1
 80a0c8e:	4291      	cmp	r1, r2
 80a0c90:	f100 33ff 	add.w	r3, r0, #4294967295
 80a0c94:	d100      	bne.n	80a0c98 <memcpy+0xc>
 80a0c96:	4770      	bx	lr
 80a0c98:	b510      	push	{r4, lr}
 80a0c9a:	f811 4b01 	ldrb.w	r4, [r1], #1
 80a0c9e:	4291      	cmp	r1, r2
 80a0ca0:	f803 4f01 	strb.w	r4, [r3, #1]!
 80a0ca4:	d1f9      	bne.n	80a0c9a <memcpy+0xe>
 80a0ca6:	bd10      	pop	{r4, pc}

080a0ca8 <memset>:
 80a0ca8:	4603      	mov	r3, r0
 80a0caa:	4402      	add	r2, r0
 80a0cac:	4293      	cmp	r3, r2
 80a0cae:	d100      	bne.n	80a0cb2 <memset+0xa>
 80a0cb0:	4770      	bx	lr
 80a0cb2:	f803 1b01 	strb.w	r1, [r3], #1
 80a0cb6:	e7f9      	b.n	80a0cac <memset+0x4>

080a0cb8 <srand>:
 80a0cb8:	b538      	push	{r3, r4, r5, lr}
 80a0cba:	4b0d      	ldr	r3, [pc, #52]	; (80a0cf0 <srand+0x38>)
 80a0cbc:	4604      	mov	r4, r0
 80a0cbe:	681d      	ldr	r5, [r3, #0]
 80a0cc0:	6bab      	ldr	r3, [r5, #56]	; 0x38
 80a0cc2:	b97b      	cbnz	r3, 80a0ce4 <srand+0x2c>
 80a0cc4:	2018      	movs	r0, #24
 80a0cc6:	f7ff fb4f 	bl	80a0368 <malloc>
 80a0cca:	4a0a      	ldr	r2, [pc, #40]	; (80a0cf4 <srand+0x3c>)
 80a0ccc:	4b0a      	ldr	r3, [pc, #40]	; (80a0cf8 <srand+0x40>)
 80a0cce:	63a8      	str	r0, [r5, #56]	; 0x38
 80a0cd0:	e9c0 2300 	strd	r2, r3, [r0]
 80a0cd4:	4b09      	ldr	r3, [pc, #36]	; (80a0cfc <srand+0x44>)
 80a0cd6:	2201      	movs	r2, #1
 80a0cd8:	6083      	str	r3, [r0, #8]
 80a0cda:	230b      	movs	r3, #11
 80a0cdc:	8183      	strh	r3, [r0, #12]
 80a0cde:	2300      	movs	r3, #0
 80a0ce0:	e9c0 2304 	strd	r2, r3, [r0, #16]
 80a0ce4:	2200      	movs	r2, #0
 80a0ce6:	6bab      	ldr	r3, [r5, #56]	; 0x38
 80a0ce8:	611c      	str	r4, [r3, #16]
 80a0cea:	615a      	str	r2, [r3, #20]
 80a0cec:	bd38      	pop	{r3, r4, r5, pc}
 80a0cee:	bf00      	nop
 80a0cf0:	20000008 	.word	0x20000008
 80a0cf4:	abcd330e 	.word	0xabcd330e
 80a0cf8:	e66d1234 	.word	0xe66d1234
 80a0cfc:	0005deec 	.word	0x0005deec

080a0d00 <strcmp>:
 80a0d00:	f810 2b01 	ldrb.w	r2, [r0], #1
 80a0d04:	f811 3b01 	ldrb.w	r3, [r1], #1
 80a0d08:	2a01      	cmp	r2, #1
 80a0d0a:	bf28      	it	cs
 80a0d0c:	429a      	cmpcs	r2, r3
 80a0d0e:	d0f7      	beq.n	80a0d00 <strcmp>
 80a0d10:	1ad0      	subs	r0, r2, r3
 80a0d12:	4770      	bx	lr

080a0d14 <strlen>:
 80a0d14:	4603      	mov	r3, r0
 80a0d16:	f813 2b01 	ldrb.w	r2, [r3], #1
 80a0d1a:	2a00      	cmp	r2, #0
 80a0d1c:	d1fb      	bne.n	80a0d16 <strlen+0x2>
 80a0d1e:	1a18      	subs	r0, r3, r0
 80a0d20:	3801      	subs	r0, #1
 80a0d22:	4770      	bx	lr

080a0d24 <__register_exitproc>:
 80a0d24:	e92d 43f8 	stmdb	sp!, {r3, r4, r5, r6, r7, r8, r9, lr}
 80a0d28:	f8df 80bc 	ldr.w	r8, [pc, #188]	; 80a0de8 <__register_exitproc+0xc4>
 80a0d2c:	4606      	mov	r6, r0
 80a0d2e:	f8d8 0000 	ldr.w	r0, [r8]
 80a0d32:	461f      	mov	r7, r3
 80a0d34:	460d      	mov	r5, r1
 80a0d36:	4691      	mov	r9, r2
 80a0d38:	f000 f858 	bl	80a0dec <__retarget_lock_acquire_recursive>
 80a0d3c:	4b26      	ldr	r3, [pc, #152]	; (80a0dd8 <__register_exitproc+0xb4>)
 80a0d3e:	681c      	ldr	r4, [r3, #0]
 80a0d40:	b934      	cbnz	r4, 80a0d50 <__register_exitproc+0x2c>
 80a0d42:	4c26      	ldr	r4, [pc, #152]	; (80a0ddc <__register_exitproc+0xb8>)
 80a0d44:	601c      	str	r4, [r3, #0]
 80a0d46:	4b26      	ldr	r3, [pc, #152]	; (80a0de0 <__register_exitproc+0xbc>)
 80a0d48:	b113      	cbz	r3, 80a0d50 <__register_exitproc+0x2c>
 80a0d4a:	681b      	ldr	r3, [r3, #0]
 80a0d4c:	f8c4 3088 	str.w	r3, [r4, #136]	; 0x88
 80a0d50:	6863      	ldr	r3, [r4, #4]
 80a0d52:	2b1f      	cmp	r3, #31
 80a0d54:	dd07      	ble.n	80a0d66 <__register_exitproc+0x42>
 80a0d56:	f8d8 0000 	ldr.w	r0, [r8]
 80a0d5a:	f000 f849 	bl	80a0df0 <__retarget_lock_release_recursive>
 80a0d5e:	f04f 30ff 	mov.w	r0, #4294967295
 80a0d62:	e8bd 83f8 	ldmia.w	sp!, {r3, r4, r5, r6, r7, r8, r9, pc}
 80a0d66:	b35e      	cbz	r6, 80a0dc0 <__register_exitproc+0x9c>
 80a0d68:	f8d4 0088 	ldr.w	r0, [r4, #136]	; 0x88
 80a0d6c:	b988      	cbnz	r0, 80a0d92 <__register_exitproc+0x6e>
 80a0d6e:	4b1d      	ldr	r3, [pc, #116]	; (80a0de4 <__register_exitproc+0xc0>)
 80a0d70:	b923      	cbnz	r3, 80a0d7c <__register_exitproc+0x58>
 80a0d72:	f8d8 0000 	ldr.w	r0, [r8]
 80a0d76:	f000 f83a 	bl	80a0dee <__retarget_lock_release>
 80a0d7a:	e7f0      	b.n	80a0d5e <__register_exitproc+0x3a>
 80a0d7c:	f44f 7084 	mov.w	r0, #264	; 0x108
 80a0d80:	f7ff faf2 	bl	80a0368 <malloc>
 80a0d84:	2800      	cmp	r0, #0
 80a0d86:	d0f4      	beq.n	80a0d72 <__register_exitproc+0x4e>
 80a0d88:	2300      	movs	r3, #0
 80a0d8a:	e9c0 3340 	strd	r3, r3, [r0, #256]	; 0x100
 80a0d8e:	f8c4 0088 	str.w	r0, [r4, #136]	; 0x88
 80a0d92:	2201      	movs	r2, #1
 80a0d94:	6863      	ldr	r3, [r4, #4]
 80a0d96:	2e02      	cmp	r6, #2
 80a0d98:	f840 9023 	str.w	r9, [r0, r3, lsl #2]
 80a0d9c:	fa02 f203 	lsl.w	r2, r2, r3
 80a0da0:	eb00 0183 	add.w	r1, r0, r3, lsl #2
 80a0da4:	f8d0 3100 	ldr.w	r3, [r0, #256]	; 0x100
 80a0da8:	ea43 0302 	orr.w	r3, r3, r2
 80a0dac:	f8c0 3100 	str.w	r3, [r0, #256]	; 0x100
 80a0db0:	f8c1 7080 	str.w	r7, [r1, #128]	; 0x80
 80a0db4:	bf02      	ittt	eq
 80a0db6:	f8d0 3104 	ldreq.w	r3, [r0, #260]	; 0x104
 80a0dba:	431a      	orreq	r2, r3
 80a0dbc:	f8c0 2104 	streq.w	r2, [r0, #260]	; 0x104
 80a0dc0:	6863      	ldr	r3, [r4, #4]
 80a0dc2:	f8d8 0000 	ldr.w	r0, [r8]
 80a0dc6:	1c5a      	adds	r2, r3, #1
 80a0dc8:	3302      	adds	r3, #2
 80a0dca:	6062      	str	r2, [r4, #4]
 80a0dcc:	f844 5023 	str.w	r5, [r4, r3, lsl #2]
 80a0dd0:	f000 f80e 	bl	80a0df0 <__retarget_lock_release_recursive>
 80a0dd4:	2000      	movs	r0, #0
 80a0dd6:	e7c4      	b.n	80a0d62 <__register_exitproc+0x3e>
 80a0dd8:	200005ac 	.word	0x200005ac
 80a0ddc:	20000520 	.word	0x20000520
 80a0de0:	00000000 	.word	0x00000000
 80a0de4:	080a0369 	.word	0x080a0369
 80a0de8:	2000006c 	.word	0x2000006c

080a0dec <__retarget_lock_acquire_recursive>:
 80a0dec:	4770      	bx	lr

080a0dee <__retarget_lock_release>:
 80a0dee:	4770      	bx	lr

080a0df0 <__retarget_lock_release_recursive>:
 80a0df0:	4770      	bx	lr

080a0df2 <link_code_end>:
	...

080a0df4 <dynalib_user>:
 80a0df4:	001d 080a 005d 080a 0085 080a 0089 080a     ....]...........
 80a0e04:	0000 0000 6f43 6c6f 4f00 6666 4800 6165     ....Cool.Off.Hea
 80a0e14:	0074 6e49 6176 696c 2064 6f4d 6564 203a     t.Invalid Mode: 
 80a0e24:	7300 7465 6f4d 6564 6100 7070 2500 2d59     .setMode.app.%Y-
 80a0e34:	6d25 252d 5464 4825 253a 3a4d 5325 7a25     %m-%dT%H:%M:%S%z
 80a0e44:	6100 6373 6974 656d 0000 0000               .asctime....

080a0e50 <_ZTV9IPAddress>:
	...
 80a0e58:	079b 080a 078b 080a 078d 080a               ............

080a0e64 <_ZTV9USBSerial>:
	...
 80a0e6c:	0857 080a 08bd 080a 0895 080a 04df 080a     W...............
 80a0e7c:	0887 080a 0859 080a 0869 080a 08b7 080a     ....Y...i.......
 80a0e8c:	0879 080a 0851 080a                         y...Q...

080a0e94 <_ZTV11USARTSerial>:
	...
 80a0e9c:	09e5 080a 0a4f 080a 0a2b 080a 04df 080a     ....O...+.......
 80a0eac:	09fb 080a 0a17 080a 0a09 080a 0a25 080a     ............%...
 80a0ebc:	09e7 080a 09ed 080a                         ........

080a0ec4 <_ZTVN5spark9WiFiClassE>:
	...
 80a0ecc:	0b67 080a 0b5d 080a 0b53 080a 0ad1 080a     g...]...S.......
 80a0edc:	059f 080a 0b47 080a 0bc5 080a 0bcd 080a     ....G...........
 80a0eec:	0b3b 080a 0b33 080a 0b29 080a 0b1f 080a     ;...3...).......
 80a0efc:	0adb 080a                                   ....

080a0f00 <_ZTVN5spark12NetworkClassE>:
	...
 80a0f08:	0b85 080a 0b8f 080a 0b99 080a 0ba3 080a     ................
 80a0f18:	0bad 080a 0bb9 080a 0bc5 080a 0bcd 080a     ................
 80a0f28:	0bd5 080a 0be1 080a 0be9 080a 0bf3 080a     ................
 80a0f38:	0bfd 080a                                   ....

080a0f3c <link_const_variable_data_end>:
 80a0f3c:	080a03a9 	.word	0x080a03a9
 80a0f40:	080a05ad 	.word	0x080a05ad
 80a0f44:	080a05bd 	.word	0x080a05bd
 80a0f48:	080a05d1 	.word	0x080a05d1
 80a0f4c:	080a0b71 	.word	0x080a0b71
 80a0f50:	080a0c4d 	.word	0x080a0c4d
 80a0f54:	080a0c61 	.word	0x080a0c61

080a0f58 <link_constructors_end>:
	...
